Component: ARM Compiler 5.05 update 1 (build 106) Tool: armlink [4d0efa]

==============================================================================

Section Cross References

    main.o(i.GPIO_Configuration) refers to stm32f10x_rcc.o(i.RCC_APB2PeriphClockCmd) for RCC_APB2PeriphClockCmd
    main.o(i.GPIO_Configuration) refers to stm32f10x_gpio.o(i.GPIO_Init) for GPIO_Init
    main.o(i.NVIC_Configuration) refers to misc.o(i.NVIC_SetVectorTable) for NVIC_SetVectorTable
    main.o(i.NVIC_Configuration) refers to misc.o(i.NVIC_PriorityGroupConfig) for NVIC_PriorityGroupConfig
    main.o(i.NVIC_Configuration) refers to misc.o(i.NVIC_Init) for NVIC_Init
    main.o(i.RCC_Configuration) refers to stm32f10x_rcc.o(i.RCC_DeInit) for RCC_DeInit
    main.o(i.RCC_Configuration) refers to stm32f10x_rcc.o(i.RCC_HSEConfig) for RCC_HSEConfig
    main.o(i.RCC_Configuration) refers to stm32f10x_rcc.o(i.RCC_WaitForHSEStartUp) for RCC_WaitForHSEStartUp
    main.o(i.RCC_Configuration) refers to stm32f10x_rcc.o(i.RCC_HCLKConfig) for RCC_HCLKConfig
    main.o(i.RCC_Configuration) refers to stm32f10x_rcc.o(i.RCC_PCLK2Config) for RCC_PCLK2Config
    main.o(i.RCC_Configuration) refers to stm32f10x_rcc.o(i.RCC_PCLK1Config) for RCC_PCLK1Config
    main.o(i.RCC_Configuration) refers to stm32f10x_rcc.o(i.RCC_PLLConfig) for RCC_PLLConfig
    main.o(i.RCC_Configuration) refers to stm32f10x_rcc.o(i.RCC_PLLCmd) for RCC_PLLCmd
    main.o(i.RCC_Configuration) refers to stm32f10x_rcc.o(i.RCC_GetFlagStatus) for RCC_GetFlagStatus
    main.o(i.RCC_Configuration) refers to stm32f10x_rcc.o(i.RCC_SYSCLKConfig) for RCC_SYSCLKConfig
    main.o(i.RCC_Configuration) refers to stm32f10x_rcc.o(i.RCC_GetSYSCLKSource) for RCC_GetSYSCLKSource
    main.o(i.hardwareInit) refers to main.o(i.RCC_Configuration) for RCC_Configuration
    main.o(i.hardwareInit) refers to main.o(i.NVIC_Configuration) for NVIC_Configuration
    main.o(i.hardwareInit) refers to main.o(i.GPIO_Configuration) for GPIO_Configuration
    main.o(i.hardwareInit) refers to uart1pcport.o(i.USART1_Configuration) for USART1_Configuration
    main.o(i.hardwareInit) refers to uart2gpsport.o(i.USART2_Configuration) for USART2_Configuration
    main.o(i.ledTurnOn) refers to stm32f10x_gpio.o(i.GPIO_SetBits) for GPIO_SetBits
    main.o(i.ledTurnOn) refers to stm32f10x_gpio.o(i.GPIO_ResetBits) for GPIO_ResetBits
    main.o(i.main) refers to main.o(i.hardwareInit) for hardwareInit
    main.o(i.main) refers to queuemanager.o(i.initQueue) for initQueue
    main.o(i.main) refers to gpstask.o(i.initGpsModule) for initGpsModule
    main.o(i.main) refers to printfa.o(i.__0printf) for __2printf
    main.o(i.main) refers to main.o(i.ledTurnOn) for ledTurnOn
    main.o(i.main) refers to gpstask.o(i.gpsTaskMain) for gpsTaskMain
    gpstask.o(i.GPGLL_CallBack) refers to main.o(i.ledTurnOn) for ledTurnOn
    gpstask.o(i.GPGLL_CallBack) refers to gpstask.o(.data) for .data
    gpstask.o(i._sendNmeaProtocol) refers to printfa.o(i.__0printf) for __2printf
    gpstask.o(i._sendNmeaProtocol) refers to gpstask.o(.bss) for .bss
    gpstask.o(i.gpsTaskMain) refers to queuemanager.o(i.getQueueSize) for getQueueSize
    gpstask.o(i.gpsTaskMain) refers to queuemanager.o(i.PopQueue) for PopQueue
    gpstask.o(i.gpsTaskMain) refers to uart1pcport.o(i.Uart1_PutChar) for Uart1_PutChar
    gpstask.o(i.gpsTaskMain) refers to nmeaparse.o(i.ubx_Parser) for ubx_Parser
    gpstask.o(i.gpsTaskMain) refers to nmeaparse.o(i.NMEA_Parser) for NMEA_Parser
    gpstask.o(i.gpsTaskMain) refers to gpstask.o(.data) for .data
    gpstask.o(i.handerUbxData) refers to gpstask.o(i.printHexToString) for printHexToString
    gpstask.o(i.initGpsModule) refers to gpstask.o(i.initNmeaParserCallBack) for initNmeaParserCallBack
    gpstask.o(i.initGpsModule) refers to uart2gpsport.o(i.USART2_Configuration) for USART2_Configuration
    gpstask.o(i.initGpsModule) refers to gpstask.o(i.initUbxCfg) for initUbxCfg
    gpstask.o(i.initNmeaParserCallBack) refers to nmeaparse.o(i.initParserCallBack) for initParserCallBack
    gpstask.o(i.initNmeaParserCallBack) refers to gpstask.o(i.GPGLL_CallBack) for GPGLL_CallBack
    gpstask.o(i.initNmeaParserCallBack) refers to gpstask.o(i.GPVTG_CallBack) for GPVTG_CallBack
    gpstask.o(i.initNmeaParserCallBack) refers to gpstask.o(i.GPGSV_CallBack) for GPGSV_CallBack
    gpstask.o(i.initNmeaParserCallBack) refers to gpstask.o(i.GPGSA_CallBack) for GPGSA_CallBack
    gpstask.o(i.initNmeaParserCallBack) refers to gpstask.o(i.GPGGA_CallBack) for GPGGA_CallBack
    gpstask.o(i.initNmeaParserCallBack) refers to gpstask.o(i.GPRMC_CallBack) for GPRMC_CallBack
    gpstask.o(i.initUbxCfg) refers to memcpya.o(.text) for __aeabi_memcpy4
    gpstask.o(i.initUbxCfg) refers to uart2gpsport.o(i.Uart2_PutChar) for Uart2_PutChar
    gpstask.o(i.printHexToString) refers to uart1pcport.o(i.Uart1_PutChar) for Uart1_PutChar
    gpstask.o(i.printHexToString) refers to printfa.o(i.__0printf) for __2printf
[...]
    Removing nmeaparse2.o(i.NMEA_StrReplace), (104 bytes).
    Removing nmeaparse2.o(i.NMEA_UpdateCRC), (42 bytes).
    Removing nmeaparse2.o(i.checkCRC), (36 bytes).
    Removing nmeaparse2.o(i.strcpy), (62 bytes).
    Removing queuemanager.o(i.testQueue), (44 bytes).
    Removing misc.o(i.NVIC_SystemLPConfig), (24 bytes).
    Removing misc.o(i.SysTick_CLKSourceConfig), (24 bytes).
    Removing stm32f10x_flash.o(i.FLASH_ClearFlag), (12 bytes).
    Removing stm32f10x_flash.o(i.FLASH_EnableWriteProtection), (172 bytes).
    Removing stm32f10x_flash.o(i.FLASH_EraseAllBank1Pages), (56 bytes).
    Removing stm32f10x_flash.o(i.FLASH_EraseAllPages), (56 bytes).
    Removing stm32f10x_flash.o(i.FLASH_EraseOptionBytes), (124 bytes).
    Removing stm32f10x_flash.o(i.FLASH_ErasePage), (60 bytes).
    Removing stm32f10x_flash.o(i.FLASH_GetBank1Status), (40 bytes).
    Removing stm32f10x_flash.o(i.FLASH_GetFlagStatus), (32 bytes).
    Removing stm32f10x_flash.o(i.FLASH_GetPrefetchBufferStatus), (20 bytes).
    Removing stm32f10x_flash.o(i.FLASH_GetReadOutProtectionStatus), (20 bytes).
    Removing stm32f10x_flash.o(i.FLASH_GetStatus), (40 bytes).
    Removing stm32f10x_flash.o(i.FLASH_GetUserOptionByte), (12 bytes).
    Removing stm32f10x_flash.o(i.FLASH_GetWriteProtectionOptionByte), (12 bytes).
    Removing stm32f10x_flash.o(i.FLASH_HalfCycleAccessCmd), (24 bytes).
    Removing stm32f10x_flash.o(i.FLASH_ITConfig), (24 bytes).
    Removing stm32f10x_flash.o(i.FLASH_Lock), (16 bytes).
    Removing stm32f10x_flash.o(i.FLASH_LockBank1), (16 bytes).
    Removing stm32f10x_flash.o(i.FLASH_PrefetchBufferCmd), (24 bytes).
    Removing stm32f10x_flash.o(i.FLASH_ProgramHalfWord), (52 bytes).
    Removing stm32f10x_flash.o(i.FLASH_ProgramOptionByteData), (76 bytes).
    Removing stm32f10x_flash.o(i.FLASH_ProgramWord), (80 bytes).
    Removing stm32f10x_flash.o(i.FLASH_ReadOutProtection), (136 bytes).
    Removing stm32f10x_flash.o(i.FLASH_SetLatency), (20 bytes).
    Removing stm32f10x_flash.o(i.FLASH_Unlock), (24 bytes).
    Removing stm32f10x_flash.o(i.FLASH_UnlockBank1), (24 bytes).
    Removing stm32f10x_flash.o(i.FLASH_UserOptionByteConfig), (96 bytes).
    Removing stm32f10x_flash.o(i.FLASH_WaitForLastBank1Operation), (34 bytes).
    Removing stm32f10x_flash.o(i.FLASH_WaitForLastOperation), (34 bytes).
    Removing stm32f10x_gpio.o(i.GPIO_AFIODeInit), (22 bytes).
    Removing stm32f10x_gpio.o(i.GPIO_DeInit), (180 bytes).
    Removing stm32f10x_gpio.o(i.GPIO_ETH_MediaInterfaceConfig), (12 bytes).
    Removing stm32f10x_gpio.o(i.GPIO_EXTILineConfig), (40 bytes).
    Removing stm32f10x_gpio.o(i.GPIO_EventOutputCmd), (12 bytes).
    Removing stm32f10x_gpio.o(i.GPIO_EventOutputConfig), (28 bytes).
    Removing stm32f10x_gpio.o(i.GPIO_PinLockConfig), (16 bytes).
    Removing stm32f10x_gpio.o(i.GPIO_PinRemapConfig), (88 bytes).
    Removing stm32f10x_gpio.o(i.GPIO_ReadInputData), (6 bytes).
    Removing stm32f10x_gpio.o(i.GPIO_ReadInputDataBit), (14 bytes).
    Removing stm32f10x_gpio.o(i.GPIO_ReadOutputData), (6 bytes).
    Removing stm32f10x_gpio.o(i.GPIO_ReadOutputDataBit), (14 bytes).
    Removing stm32f10x_gpio.o(i.GPIO_StructInit), (16 bytes).
    Removing stm32f10x_gpio.o(i.GPIO_Write), (4 bytes).
    Removing stm32f10x_gpio.o(i.GPIO_WriteBit), (10 bytes).
    Removing stm32f10x_rcc.o(i.RCC_ADCCLKConfig), (20 bytes).
    Removing stm32f10x_rcc.o(i.RCC_AHBPeriphClockCmd), (24 bytes).
    Removing stm32f10x_rcc.o(i.RCC_APB1PeriphResetCmd), (24 bytes).
    Removing stm32f10x_rcc.o(i.RCC_APB2PeriphResetCmd), (24 bytes).
    Removing stm32f10x_rcc.o(i.RCC_AdjustHSICalibrationValue), (20 bytes).
    Removing stm32f10x_rcc.o(i.RCC_BackupResetCmd), (12 bytes).
    Removing stm32f10x_rcc.o(i.RCC_ClearFlag), (16 bytes).
    Removing stm32f10x_rcc.o(i.RCC_ClearITPendingBit), (12 bytes).
    Removing stm32f10x_rcc.o(i.RCC_ClockSecuritySystemCmd), (12 bytes).
    Removing stm32f10x_rcc.o(i.RCC_GetITStatus), (20 bytes).
    Removing stm32f10x_rcc.o(i.RCC_HSICmd), (12 bytes).
    Removing stm32f10x_rcc.o(i.RCC_ITConfig), (24 bytes).
    Removing stm32f10x_rcc.o(i.RCC_LSEConfig), (32 bytes).
    Removing stm32f10x_rcc.o(i.RCC_LSICmd), (12 bytes).
    Removing stm32f10x_rcc.o(i.RCC_MCOConfig), (12 bytes).
    Removing stm32f10x_rcc.o(i.RCC_RTCCLKCmd), (12 bytes).
    Removing stm32f10x_rcc.o(i.RCC_RTCCLKConfig), (16 bytes).
    Removing stm32f10x_rcc.o(i.RCC_USBCLKConfig), (12 bytes).
    Removing stm32f10x_adc.o(i.ADC_AnalogWatchdogCmd), (16 bytes).
    Removing stm32f10x_adc.o(i.ADC_AnalogWatchdogSingleChannelConfig), (12 bytes).
    Removing stm32f10x_adc.o(i.ADC_AnalogWatchdogThresholdsConfig), (6 bytes).
    Removing stm32f10x_adc.o(i.ADC_AutoInjectedConvCmd), (20 bytes).
    Removing stm32f10x_adc.o(i.ADC_ClearFlag), (6 bytes).
    Removing stm32f10x_adc.o(i.ADC_ClearITPendingBit), (8 bytes).
    Removing stm32f10x_adc.o(i.ADC_Cmd), (20 bytes).
    Removing stm32f10x_adc.o(i.ADC_DMACmd), (20 bytes).
    Removing stm32f10x_adc.o(i.ADC_DeInit), (68 bytes).
    Removing stm32f10x_adc.o(i.ADC_DiscModeChannelCountConfig), (16 bytes).
    Removing stm32f10x_adc.o(i.ADC_DiscModeCmd), (20 bytes).
    Removing stm32f10x_adc.o(i.ADC_ExternalTrigConvCmd), (20 bytes).
    Removing stm32f10x_adc.o(i.ADC_ExternalTrigInjectedConvCmd), (20 bytes).
    Removing stm32f10x_adc.o(i.ADC_ExternalTrigInjectedConvConfig), (12 bytes).
    Removing stm32f10x_adc.o(i.ADC_GetCalibrationStatus), (14 bytes).
    Removing stm32f10x_adc.o(i.ADC_GetConversionValue), (6 bytes).
    Removing stm32f10x_adc.o(i.ADC_GetDualModeConversionValue), (12 bytes).
    Removing stm32f10x_adc.o(i.ADC_GetFlagStatus), (14 bytes).
    Removing stm32f10x_adc.o(i.ADC_GetITStatus), (28 bytes).
    Removing stm32f10x_adc.o(i.ADC_GetInjectedConversionValue), (14 bytes).
    Removing stm32f10x_adc.o(i.ADC_GetResetCalibrationStatus), (14 bytes).
    Removing stm32f10x_adc.o(i.ADC_GetSoftwareStartConvStatus), (14 bytes).
    Removing stm32f10x_adc.o(i.ADC_GetSoftwareStartInjectedConvCmdStatus), (14 bytes).
    Removing stm32f10x_adc.o(i.ADC_ITConfig), (18 bytes).
    Removing stm32f10x_adc.o(i.ADC_Init), (72 bytes).
    Removing stm32f10x_adc.o(i.ADC_InjectedChannelConfig), (74 bytes).
    Removing stm32f10x_adc.o(i.ADC_InjectedDiscModeCmd), (20 bytes).
    Removing stm32f10x_adc.o(i.ADC_InjectedSequencerLengthConfig), (16 bytes).
    Removing stm32f10x_adc.o(i.ADC_RegularChannelConfig), (116 bytes).
    Removing stm32f10x_adc.o(i.ADC_ResetCalibration), (10 bytes).
    Removing stm32f10x_adc.o(i.ADC_SetInjectedOffset), (10 bytes).
    Removing stm32f10x_adc.o(i.ADC_SoftwareStartConvCmd), (20 bytes).
    Removing stm32f10x_adc.o(i.ADC_SoftwareStartInjectedConvCmd), (20 bytes).
    Removing stm32f10x_adc.o(i.ADC_StartCalibration), (10 bytes).
    Removing stm32f10x_adc.o(i.ADC_StructInit), (18 bytes).
    Removing stm32f10x_adc.o(i.ADC_TempSensorVrefintCmd), (28 bytes).
    Removing stm32f10x_bkp.o(i.BKP_ClearFlag), (16 bytes).
    Removing stm32f10x_bkp.o(i.BKP_ClearITPendingBit), (16 bytes).
    Removing stm32f10x_bkp.o(i.BKP_DeInit), (18 bytes).
    Removing stm32f10x_bkp.o(i.BKP_GetFlagStatus), (12 bytes).
    Removing stm32f10x_bkp.o(i.BKP_GetITStatus), (12 bytes).
    Removing stm32f10x_bkp.o(i.BKP_ITConfig), (12 bytes).
    Removing stm32f10x_bkp.o(i.BKP_RTCOutputConfig), (20 bytes).
    Removing stm32f10x_bkp.o(i.BKP_ReadBackupRegister), (16 bytes).
    Removing stm32f10x_bkp.o(i.BKP_SetRTCCalibrationValue), (20 bytes).
    Removing stm32f10x_bkp.o(i.BKP_TamperPinCmd), (12 bytes).
    Removing stm32f10x_bkp.o(i.BKP_TamperPinLevelConfig), (12 bytes).
    Removing stm32f10x_bkp.o(i.BKP_WriteBackupRegister), (16 bytes).
    Removing stm32f10x_cec.o(i.CEC_ClearFlag), (32 bytes).
    Removing stm32f10x_cec.o(i.CEC_ClearITPendingBit), (32 bytes).
    Removing stm32f10x_cec.o(i.CEC_Cmd), (28 bytes).
    Removing stm32f10x_cec.o(i.CEC_DeInit), (24 bytes).
    Removing stm32f10x_cec.o(i.CEC_EndOfMessageCmd), (12 bytes).
    Removing stm32f10x_cec.o(i.CEC_GetFlagStatus), (36 bytes).
    Removing stm32f10x_cec.o(i.CEC_GetITStatus), (36 bytes).
    Removing stm32f10x_cec.o(i.CEC_ITConfig), (12 bytes).
    Removing stm32f10x_cec.o(i.CEC_Init), (24 bytes).
    Removing stm32f10x_cec.o(i.CEC_OwnAddressConfig), (12 bytes).
    Removing stm32f10x_cec.o(i.CEC_ReceiveDataByte), (12 bytes).
    Removing stm32f10x_cec.o(i.CEC_SendDataByte), (12 bytes).
    Removing stm32f10x_cec.o(i.CEC_SetPrescaler), (12 bytes).
    Removing stm32f10x_cec.o(i.CEC_StartOfMessage), (16 bytes).
    Removing stm32f10x_crc.o(i.CRC_CalcBlockCRC), (28 bytes).
    Removing stm32f10x_crc.o(i.CRC_CalcCRC), (12 bytes).
    Removing stm32f10x_crc.o(i.CRC_GetCRC), (12 bytes).
    Removing stm32f10x_crc.o(i.CRC_GetIDRegister), (12 bytes).
    Removing stm32f10x_crc.o(i.CRC_ResetDR), (12 bytes).
    Removing stm32f10x_crc.o(i.CRC_SetIDRegister), (12 bytes).
    Removing stm32f10x_dac.o(i.DAC_Cmd), (24 bytes).
    Removing stm32f10x_dac.o(i.DAC_DMACmd), (24 bytes).
    Removing stm32f10x_dac.o(i.DAC_DeInit), (24 bytes).
    Removing stm32f10x_dac.o(i.DAC_DualSoftwareTriggerCmd), (28 bytes).
    Removing stm32f10x_dac.o(i.DAC_GetDataOutputValue), (24 bytes).
    Removing stm32f10x_dac.o(i.DAC_Init), (40 bytes).
    Removing stm32f10x_dac.o(i.DAC_SetChannel1Data), (20 bytes).
    Removing stm32f10x_dac.o(i.DAC_SetChannel2Data), (20 bytes).
    Removing stm32f10x_dac.o(i.DAC_SetDualChannelData), (28 bytes).
    Removing stm32f10x_dac.o(i.DAC_SoftwareTriggerCmd), (28 bytes).
    Removing stm32f10x_dac.o(i.DAC_StructInit), (12 bytes).
    Removing stm32f10x_dac.o(i.DAC_WaveGenerationCmd), (24 bytes).
    Removing stm32f10x_dbgmcu.o(i.DBGMCU_Config), (24 bytes).
    Removing stm32f10x_dbgmcu.o(i.DBGMCU_GetDEVID), (16 bytes).
    Removing stm32f10x_dbgmcu.o(i.DBGMCU_GetREVID), (12 bytes).
    Removing stm32f10x_dma.o(i.DMA_ClearFlag), (24 bytes).
    Removing stm32f10x_dma.o(i.DMA_ClearITPendingBit), (24 bytes).
    Removing stm32f10x_dma.o(i.DMA_Cmd), (22 bytes).
    Removing stm32f10x_dma.o(i.DMA_DeInit), (228 bytes).
    Removing stm32f10x_dma.o(i.DMA_GetCurrDataCounter), (6 bytes).
    Removing stm32f10x_dma.o(i.DMA_GetFlagStatus), (32 bytes).
    Removing stm32f10x_dma.o(i.DMA_GetITStatus), (32 bytes).
    Removing stm32f10x_dma.o(i.DMA_ITConfig), (16 bytes).
    Removing stm32f10x_dma.o(i.DMA_Init), (58 bytes).
    Removing stm32f10x_dma.o(i.DMA_SetCurrDataCounter), (4 bytes).
    Removing stm32f10x_dma.o(i.DMA_StructInit), (26 bytes).
    Removing stm32f10x_exti.o(i.EXTI_ClearFlag), (12 bytes).
    Removing stm32f10x_exti.o(i.EXTI_DeInit), (36 bytes).
    Removing stm32f10x_exti.o(i.EXTI_GenerateSWInterrupt), (16 bytes).
    Removing stm32f10x_exti.o(i.EXTI_GetFlagStatus), (20 bytes).
    Removing stm32f10x_exti.o(i.EXTI_GetITStatus), (32 bytes).
    Removing stm32f10x_exti.o(i.EXTI_Init), (112 bytes).
    Removing stm32f10x_exti.o(i.EXTI_StructInit), (14 bytes).
    Removing stm32f10x_fsmc.o(i.FSMC_ClearFlag), (38 bytes).
    Removing stm32f10x_fsmc.o(i.FSMC_ClearITPendingBit), (42 bytes).
    Removing stm32f10x_fsmc.o(i.FSMC_GetECC), (18 bytes).
    Removing stm32f10x_fsmc.o(i.FSMC_GetFlagStatus), (40 bytes).
    Removing stm32f10x_fsmc.o(i.FSMC_GetITStatus), (48 bytes).
    Removing stm32f10x_fsmc.o(i.FSMC_ITConfig), (72 bytes).
    Removing stm32f10x_fsmc.o(i.FSMC_NANDCmd), (56 bytes).
    Removing stm32f10x_fsmc.o(i.FSMC_NANDDeInit), (40 bytes).
    Removing stm32f10x_fsmc.o(i.FSMC_NANDECCCmd), (56 bytes).
    Removing stm32f10x_fsmc.o(i.FSMC_NANDInit), (104 bytes).
    Removing stm32f10x_fsmc.o(i.FSMC_NANDStructInit), (54 bytes).
    Removing stm32f10x_fsmc.o(i.FSMC_NORSRAMCmd), (32 bytes).
    Removing stm32f10x_fsmc.o(i.FSMC_NORSRAMDeInit), (38 bytes).
    Removing stm32f10x_fsmc.o(i.FSMC_NORSRAMInit), (200 bytes).
    Removing stm32f10x_fsmc.o(i.FSMC_NORSRAMStructInit), (98 bytes).
    Removing stm32f10x_fsmc.o(i.FSMC_PCCARDCmd), (32 bytes).
    Removing stm32f10x_fsmc.o(i.FSMC_PCCARDDeInit), (26 bytes).
    Removing stm32f10x_fsmc.o(i.FSMC_PCCARDInit), (102 bytes).
    Removing stm32f10x_fsmc.o(i.FSMC_PCCARDStructInit), (60 bytes).
    Removing stm32f10x_iwdg.o(i.IWDG_Enable), (16 bytes).
    Removing stm32f10x_iwdg.o(i.IWDG_GetFlagStatus), (20 bytes).
    Removing stm32f10x_iwdg.o(i.IWDG_ReloadCounter), (16 bytes).
    Removing stm32f10x_iwdg.o(i.IWDG_SetPrescaler), (12 bytes).
    Removing stm32f10x_iwdg.o(i.IWDG_SetReload), (12 bytes).
    Removing stm32f10x_iwdg.o(i.IWDG_WriteAccessCmd), (12 bytes).
    Removing stm32f10x_pwr.o(i.PWR_BackupAccessCmd), (12 bytes).
    Removing stm32f10x_pwr.o(i.PWR_ClearFlag), (16 bytes).
    Removing stm32f10x_pwr.o(i.PWR_DeInit), (24 bytes).
    Removing stm32f10x_pwr.o(i.PWR_EnterSTANDBYMode), (40 bytes).
    Removing stm32f10x_pwr.o(i.PWR_EnterSTOPMode), (52 bytes).
    Removing stm32f10x_pwr.o(i.PWR_GetFlagStatus), (20 bytes).
    Removing stm32f10x_pwr.o(i.PWR_PVDCmd), (12 bytes).
    Removing stm32f10x_pwr.o(i.PWR_PVDLevelConfig), (20 bytes).
    Removing stm32f10x_pwr.o(i.PWR_WakeUpPinCmd), (12 bytes).
    Removing stm32f10x_rtc.o(i.RTC_ClearFlag), (16 bytes).
    Removing stm32f10x_rtc.o(i.RTC_EnterConfigMode), (16 bytes).
    Removing stm32f10x_rtc.o(i.RTC_ExitConfigMode), (16 bytes).
    Removing stm32f10x_rtc.o(i.RTC_GetCounter), (20 bytes).
    Removing stm32f10x_rtc.o(i.RTC_GetDivider), (24 bytes).
    Removing stm32f10x_rtc.o(i.RTC_GetFlagStatus), (20 bytes).
    Removing stm32f10x_rtc.o(i.RTC_ITConfig), (24 bytes).
    Removing stm32f10x_rtc.o(i.RTC_SetAlarm), (32 bytes).
    Removing stm32f10x_rtc.o(i.RTC_SetCounter), (32 bytes).
    Removing stm32f10x_rtc.o(i.RTC_SetPrescaler), (32 bytes).
    Removing stm32f10x_rtc.o(i.RTC_WaitForSynchro), (24 bytes).
    Removing stm32f10x_tim.o(i.TI1_Config), (108 bytes).
    Removing stm32f10x_tim.o(i.TI2_Config), (124 bytes).
    Removing stm32f10x_tim.o(i.TIM_ARRPreloadConfig), (20 bytes).
    Removing stm32f10x_tim.o(i.TIM_BDTRConfig), (34 bytes).
    Removing stm32f10x_tim.o(i.TIM_BDTRStructInit), (18 bytes).
    Removing stm32f10x_tim.o(i.TIM_CCPreloadControl), (20 bytes).
    Removing stm32f10x_tim.o(i.TIM_CCxCmd), (22 bytes).
    Removing stm32f10x_tim.o(i.TIM_CCxNCmd), (22 bytes).
    Removing stm32f10x_tim.o(i.TIM_ClearFlag), (6 bytes).
    Removing stm32f10x_tim.o(i.TIM_ClearITPendingBit), (6 bytes).
    Removing stm32f10x_tim.o(i.TIM_ClearOC1Ref), (12 bytes).
    Removing stm32f10x_tim.o(i.TIM_ClearOC2Ref), (20 bytes).
    Removing stm32f10x_tim.o(i.TIM_ClearOC3Ref), (12 bytes).
    Removing stm32f10x_tim.o(i.TIM_ClearOC4Ref), (20 bytes).
    Removing stm32f10x_tim.o(i.TIM_Cmd), (20 bytes).
    Removing stm32f10x_tim.o(i.TIM_CounterModeConfig), (12 bytes).
    Removing stm32f10x_tim.o(i.TIM_CtrlPWMOutputs), (22 bytes).
    Removing stm32f10x_tim.o(i.TIM_DMACmd), (16 bytes).
    Removing stm32f10x_tim.o(i.TIM_DMAConfig), (8 bytes).
    Removing stm32f10x_tim.o(i.TIM_DeInit), (368 bytes).
    Removing stm32f10x_tim.o(i.TIM_ETRClockMode1Config), (18 bytes).
    Removing stm32f10x_tim.o(i.TIM_ETRClockMode2Config), (18 bytes).
    Removing stm32f10x_tim.o(i.TIM_ETRConfig), (24 bytes).
    Removing stm32f10x_tim.o(i.TIM_EncoderInterfaceConfig), (50 bytes).
    Removing stm32f10x_tim.o(i.TIM_ForcedOC1Config), (12 bytes).
    Removing stm32f10x_tim.o(i.TIM_ForcedOC2Config), (20 bytes).
    Removing stm32f10x_tim.o(i.TIM_ForcedOC3Config), (12 bytes).
    Removing stm32f10x_tim.o(i.TIM_ForcedOC4Config), (20 bytes).
    Removing stm32f10x_tim.o(i.TIM_GenerateEvent), (4 bytes).
    Removing stm32f10x_tim.o(i.TIM_GetCapture1), (4 bytes).
    Removing stm32f10x_tim.o(i.TIM_GetCapture2), (4 bytes).
    Removing stm32f10x_tim.o(i.TIM_GetCapture3), (4 bytes).
    Removing stm32f10x_tim.o(i.TIM_GetCapture4), (6 bytes).
    Removing stm32f10x_tim.o(i.TIM_GetCounter), (4 bytes).
    Removing stm32f10x_tim.o(i.TIM_GetFlagStatus), (14 bytes).
    Removing stm32f10x_tim.o(i.TIM_GetITStatus), (24 bytes).
    Removing stm32f10x_tim.o(i.TIM_GetPrescaler), (4 bytes).
    Removing stm32f10x_tim.o(i.TIM_ICInit), (300 bytes).
    Removing stm32f10x_tim.o(i.TIM_ICStructInit), (16 bytes).
    Removing stm32f10x_tim.o(i.TIM_ITConfig), (16 bytes).
    Removing stm32f10x_tim.o(i.TIM_ITRxExternalClockConfig), (18 bytes).
    Removing stm32f10x_tim.o(i.TIM_InternalClockConfig), (10 bytes).
    Removing stm32f10x_tim.o(i.TIM_OC1FastConfig), (12 bytes).
    Removing stm32f10x_tim.o(i.TIM_OC1Init), (128 bytes).
    Removing stm32f10x_tim.o(i.TIM_OC1NPolarityConfig), (12 bytes).
    Removing stm32f10x_tim.o(i.TIM_OC1PolarityConfig), (12 bytes).
    Removing stm32f10x_tim.o(i.TIM_OC1PreloadConfig), (12 bytes).
    Removing stm32f10x_tim.o(i.TIM_OC2FastConfig), (20 bytes).
    Removing stm32f10x_tim.o(i.TIM_OC2Init), (128 bytes).
    Removing stm32f10x_tim.o(i.TIM_OC2NPolarityConfig), (20 bytes).
    Removing stm32f10x_tim.o(i.TIM_OC2PolarityConfig), (20 bytes).
    Removing stm32f10x_tim.o(i.TIM_OC2PreloadConfig), (20 bytes).
    Removing stm32f10x_tim.o(i.TIM_OC3FastConfig), (12 bytes).
    Removing stm32f10x_tim.o(i.TIM_OC3Init), (124 bytes).
    Removing stm32f10x_tim.o(i.TIM_OC3NPolarityConfig), (20 bytes).
    Removing stm32f10x_tim.o(i.TIM_OC3PolarityConfig), (20 bytes).
    Removing stm32f10x_tim.o(i.TIM_OC3PreloadConfig), (12 bytes).
    Removing stm32f10x_tim.o(i.TIM_OC4FastConfig), (20 bytes).
    Removing stm32f10x_tim.o(i.TIM_OC4Init), (100 bytes).
    Removing stm32f10x_tim.o(i.TIM_OC4PolarityConfig), (20 bytes).
    Removing stm32f10x_tim.o(i.TIM_OC4PreloadConfig), (20 bytes).
    Removing stm32f10x_tim.o(i.TIM_OCStructInit), (20 bytes).
    Removing stm32f10x_tim.o(i.TIM_PWMIConfig), (108 bytes).
    Removing stm32f10x_tim.o(i.TIM_PrescalerConfig), (6 bytes).
    Removing stm32f10x_tim.o(i.TIM_SelectCCDMA), (20 bytes).
    Removing stm32f10x_tim.o(i.TIM_SelectCOM), (20 bytes).
    Removing stm32f10x_tim.o(i.TIM_SelectHallSensor), (20 bytes).
    Removing stm32f10x_tim.o(i.TIM_SelectInputTrigger), (12 bytes).
    Removing stm32f10x_tim.o(i.TIM_SelectMasterSlaveMode), (16 bytes).
    Removing stm32f10x_tim.o(i.TIM_SelectOCxM), (70 bytes).
    Removing stm32f10x_tim.o(i.TIM_SelectOnePulseMode), (16 bytes).
    Removing stm32f10x_tim.o(i.TIM_SelectOutputTrigger), (16 bytes).
    Removing stm32f10x_tim.o(i.TIM_SelectSlaveMode), (16 bytes).
    Removing stm32f10x_tim.o(i.TIM_SetAutoreload), (4 bytes).
    Removing stm32f10x_tim.o(i.TIM_SetClockDivision), (16 bytes).
    Removing stm32f10x_tim.o(i.TIM_SetCompare1), (4 bytes).
    Removing stm32f10x_tim.o(i.TIM_SetCompare2), (4 bytes).
    Removing stm32f10x_tim.o(i.TIM_SetCompare3), (4 bytes).
    Removing stm32f10x_tim.o(i.TIM_SetCompare4), (6 bytes).
    Removing stm32f10x_tim.o(i.TIM_SetCounter), (4 bytes).
    Removing stm32f10x_tim.o(i.TIM_SetIC1Prescaler), (16 bytes).
    Removing stm32f10x_tim.o(i.TIM_SetIC2Prescaler), (24 bytes).
    Removing stm32f10x_tim.o(i.TIM_SetIC3Prescaler), (16 bytes).
    Removing stm32f10x_tim.o(i.TIM_SetIC4Prescaler), (24 bytes).
    Removing stm32f10x_tim.o(i.TIM_TIxExternalClockConfig), (46 bytes).
    Removing stm32f10x_tim.o(i.TIM_TimeBaseInit), (156 bytes).
    Removing stm32f10x_tim.o(i.TIM_TimeBaseStructInit), (18 bytes).
    Removing stm32f10x_tim.o(i.TIM_UpdateDisableConfig), (20 bytes).
    Removing stm32f10x_tim.o(i.TIM_UpdateRequestConfig), (20 bytes).
    Removing stm32f10x_usart.o(i.USART_ClearITPendingBit), (12 bytes).
    Removing stm32f10x_usart.o(i.USART_ClockInit), (30 bytes).
    Removing stm32f10x_usart.o(i.USART_ClockStructInit), (12 bytes).
    Removing stm32f10x_usart.o(i.USART_DMACmd), (16 bytes).
    Removing stm32f10x_usart.o(i.USART_DeInit), (116 bytes).
    Removing stm32f10x_usart.o(i.USART_HalfDuplexCmd), (20 bytes).
    Removing stm32f10x_usart.o(i.USART_IrDACmd), (20 bytes).
    Removing stm32f10x_usart.o(i.USART_IrDAConfig), (16 bytes).
    Removing stm32f10x_usart.o(i.USART_LINBreakDetectLengthConfig), (16 bytes).
    Removing stm32f10x_usart.o(i.USART_LINCmd), (20 bytes).
    Removing stm32f10x_usart.o(i.USART_OneBitMethodCmd), (20 bytes).
    Removing stm32f10x_usart.o(i.USART_OverSampling8Cmd), (20 bytes).
    Removing stm32f10x_usart.o(i.USART_ReceiverWakeUpCmd), (20 bytes).
    Removing stm32f10x_usart.o(i.USART_SendBreak), (10 bytes).
    Removing stm32f10x_usart.o(i.USART_SetAddress), (16 bytes).
    Removing stm32f10x_usart.o(i.USART_SetGuardTime), (16 bytes).
    Removing stm32f10x_usart.o(i.USART_SetPrescaler), (16 bytes).
    Removing stm32f10x_usart.o(i.USART_SmartCardCmd), (20 bytes).
    Removing stm32f10x_usart.o(i.USART_SmartCardNACKCmd), (20 bytes).
    Removing stm32f10x_usart.o(i.USART_StructInit), (22 bytes).
    Removing stm32f10x_usart.o(i.USART_WakeUpConfig), (16 bytes).
    Removing stm32f10x_wwdg.o(i.WWDG_ClearFlag), (12 bytes).
    Removing stm32f10x_wwdg.o(i.WWDG_DeInit), (24 bytes).
    Removing stm32f10x_wwdg.o(i.WWDG_Enable), (16 bytes).
    Removing stm32f10x_wwdg.o(i.WWDG_EnableIT), (16 bytes).
    Removing stm32f10x_wwdg.o(i.WWDG_GetFlagStatus), (12 bytes).
    Removing stm32f10x_wwdg.o(i.WWDG_SetCounter), (16 bytes).
    Removing stm32f10x_wwdg.o(i.WWDG_SetPrescaler), (20 bytes).
    Removing stm32f10x_wwdg.o(i.WWDG_SetWindowValue), (28 bytes).
    Removing core_cm3.o(.emb_text), (32 bytes).
    Removing system_stm32f10x.o(i.SystemCoreClockUpdate), (104 bytes).
    Removing system_stm32f10x.o(.data), (20 bytes).
    Removing startup_stm32f10x_md.o(HEAP), (512 bytes).
    Removing fadd.o(.text), (176 bytes).
    Removing fmul.o(.text), (100 bytes).
    Removing fdiv.o(.text), (124 bytes).
    Removing dscalb.o(.text), (46 bytes).
    Removing fflti.o(.text), (18 bytes).
    Removing ffltui.o(.text), (10 bytes).
    Removing dflti.o(.text), (34 bytes).
    Removing dfltui.o(.text), (26 bytes).
    Removing ffixui.o(.text), (40 bytes).
    Removing dfixi.o(.text), (62 bytes).
    Removing f2d.o(.text), (38 bytes).
    Removing cdcmple.o(.text), (48 bytes).
    Removing fepilogue.o(.text), (110 bytes).
    Removing dsqrt.o(.text), (162 bytes).
    Removing dfltul.o(.text), (24 bytes).
    Removing d2f.o(.text), (56 bytes).

419 unused section(s) (total 18792 bytes) removed from the image.

==============================================================================

Image Symbol Table

    Local Symbols

    Symbol Name                              Value     Ov Type        Size  Object(Section)

    ../clib/microlib/ctype/ctype.c           0x00000000   Number         0  isalpha_o.o ABSOLUTE
    ../clib/microlib/ctype/ctype.c           0x00000000   Number         0  isspace_c.o ABSOLUTE
    ../clib/microlib/ctype/ctype.c           0x00000000   Number         0  isblank_o.o ABSOLUTE
    ../clib/microlib/ctype/ctype.c           0x00000000   Number         0  ctype_c.o ABSOLUTE
    ../clib/microlib/ctype/ctype.c           0x00000000   Number         0  isupper_o.o ABSOLUTE
    ../clib/microlib/ctype/ctype.c           0x00000000   Number         0  iscntrl_o.o ABSOLUTE
    ../clib/microlib/ctype/ctype.c           0x00000000   Number         0  ctype_o.o ABSOLUTE
    ../clib/microlib/ctype/ctype.c           0x00000000   Number         0  isalnum_o.o ABSOLUTE
    ../clib/microlib/ctype/ctype.c           0x00000000   Number         0  isspace_o.o ABSOLUTE
    ../clib/microlib/ctype/ctype.c           0x00000000   Number         0  ispunct_o.o ABSOLUTE
    ../clib/microlib/ctype/ctype.c           0x00000000   Number         0  isgraph_o.o ABSOLUTE
    ../clib/microlib/ctype/ctype.c           0x00000000   Number         0  isprint_o.o ABSOLUTE
    ../clib/microlib/ctype/ctype.c           0x00000000   Number         0  islower_o.o ABSOLUTE
    ../clib/microlib/ctype/ctype.c           0x00000000   Number         0  isxdigit_o.o ABSOLUTE
    ../clib/microlib/ctype/ctype.c           0x00000000   Number         0  isdigit_o.o ABSOLUTE
    ../clib/microlib/division.c              0x00000000   Number         0  uldiv.o ABSOLUTE
    ../clib/microlib/division.c              0x00000000   Number         0  uidiv.o ABSOLUTE
    ../clib/microlib/errno.c                 0x00000000   Number         0  errno.o ABSOLUTE
    ../clib/microlib/init/entry.s            0x00000000   Number         0  entry10b.o ABSOLUTE
    ../clib/microlib/init/entry.s            0x00000000   Number         0  entry.o ABSOLUTE
    ../clib/microlib/init/entry.s            0x00000000   Number         0  entry11b.o ABSOLUTE
    ../clib/microlib/init/entry.s            0x00000000   Number         0  entry9b.o ABSOLUTE
    ../clib/microlib/init/entry.s            0x00000000   Number         0  entry11a.o ABSOLUTE
    ../clib/microlib/init/entry.s            0x00000000   Number         0  entry9a.o ABSOLUTE
    ../clib/microlib/init/entry.s            0x00000000   Number         0  entry10a.o ABSOLUTE
    ../clib/microlib/init/entry.s            0x00000000   Number         0  entry8b.o ABSOLUTE
    ../clib/microlib/init/entry.s            0x00000000   Number         0  entry8a.o ABSOLUTE
    ../clib/microlib/init/entry.s            0x00000000   Number         0  entry7b.o ABSOLUTE
    ../clib/microlib/init/entry.s            0x00000000   Number         0  entry7a.o ABSOLUTE
    ../clib/microlib/init/entry.s            0x00000000   Number         0  entry5.o ABSOLUTE
    ../clib/microlib/init/entry.s            0x00000000   Number         0  entry2.o ABSOLUTE
    ../clib/microlib/longlong.c              0x00000000   Number         0  llsshr.o ABSOLUTE
    ../clib/microlib/longlong.c              0x00000000   Number         0  llushr.o ABSOLUTE
    ../clib/microlib/longlong.c              0x00000000   Number         0  llshl.o ABSOLUTE
    ../clib/microlib/printf/printf.c         0x00000000   Number         0  printf7.o ABSOLUTE
    ../clib/microlib/printf/printf.c         0x00000000   Number         0  printf6.o ABSOLUTE
    ../clib/microlib/printf/printf.c         0x00000000   Number         0  printfb.o ABSOLUTE
    ../clib/microlib/printf/printf.c         0x00000000   Number         0  printf8.o ABSOLUTE
    ../clib/microlib/printf/printf.c         0x00000000   Number         0  printf0.o ABSOLUTE
    ../clib/microlib/printf/printf.c         0x00000000   Number         0  printfa.o ABSOLUTE
    ../clib/microlib/printf/printf.c         0x00000000   Number         0  printf1.o ABSOLUTE
    ../clib/microlib/printf/printf.c         0x00000000   Number         0  printf5.o ABSOLUTE
    ../clib/microlib/printf/printf.c         0x00000000   Number         0  printf4.o ABSOLUTE
    ../clib/microlib/printf/printf.c         0x00000000   Number         0  printf3.o ABSOLUTE
    ../clib/microlib/printf/printf.c         0x00000000   Number         0  printf2.o ABSOLUTE
    ../clib/microlib/printf/stubs.s          0x00000000   Number         0  stubs.o ABSOLUTE
    ../clib/microlib/string/memchr.c         0x00000000   Number         0  memchr.o ABSOLUTE
    ../clib/microlib/string/memcpy.c         0x00000000   Number         0  memcpyb.o ABSOLUTE
    ../clib/microlib/string/memcpy.c         0x00000000   Number         0  memcpya.o ABSOLUTE
    ../clib/microlib/string/memset.c         0x00000000   Number         0  memseta.o ABSOLUTE
    ../clib/microlib/string/strlen.c         0x00000000   Number         0  strlen.o ABSOLUTE
    ../clib/microlib/string/strstr.c         0x00000000   Number         0  strstr.o ABSOLUTE
    ../clib/microlib/stubs.s                 0x00000000   Number         0  iusefp.o ABSOLUTE
    ../clib/microlib/stubs.s                 0x00000000   Number         0  useno.o ABSOLUTE
    ../clib/scanf.c                          0x00000000   Number         0  _chval.o ABSOLUTE
    ../clib/scanf.c                          0x00000000   Number         0  strtod.o ABSOLUTE
    ../clib/scanf.c                          0x00000000   Number         0  _strtoul.o ABSOLUTE
    ../clib/scanf.c                          0x00000000   Number         0  strtol.o ABSOLUTE
    ../clib/scanf.c                          0x00000000   Number         0  scanf_fp.o ABSOLUTE
    ../clib/scanf.c                          0x00000000   Number         0  _sgetc.o ABSOLUTE
    ../fplib/microlib/d2f.c                  0x00000000   Number         0  d2f.o ABSOLUTE
    ../fplib/microlib/f2d.c                  0x00000000   Number         0  f2d.o ABSOLUTE
    ../fplib/microlib/fpadd.c                0x00000000   Number         0  dadd.o ABSOLUTE
    ../fplib/microlib/fpadd.c                0x00000000   Number         0  fadd.o ABSOLUTE
    ../fplib/microlib/fpdiv.c                0x00000000   Number         0  ddiv.o ABSOLUTE
    ../fplib/microlib/fpdiv.c                0x00000000   Number         0  fdiv.o ABSOLUTE
    ../fplib/microlib/fpepilogue.c           0x00000000   Number         0  depilogue.o ABSOLUTE
    ../fplib/microlib/fpepilogue.c           0x00000000   Number         0  fepilogue.o ABSOLUTE
    ../fplib/microlib/fpfix.c                0x00000000   Number         0  dfixi.o ABSOLUTE
    ../fplib/microlib/fpfix.c                0x00000000   Number         0  ffixui.o ABSOLUTE
    ../fplib/microlib/fpfix.c                0x00000000   Number         0  dfixul.o ABSOLUTE
    ../fplib/microlib/fpflt.c                0x00000000   Number         0  dfltui.o ABSOLUTE
    ../fplib/microlib/fpflt.c                0x00000000   Number         0  ffltui.o ABSOLUTE
    ../fplib/microlib/fpflt.c                0x00000000   Number         0  fflti.o ABSOLUTE
    ../fplib/microlib/fpflt.c                0x00000000   Number         0  dflti.o ABSOLUTE
    ../fplib/microlib/fpflt.c                0x00000000   Number         0  dfltul.o ABSOLUTE
    ../fplib/microlib/fpmul.c                0x00000000   Number         0  dmul.o ABSOLUTE
    ../fplib/microlib/fpmul.c                0x00000000   Number         0  fmul.o ABSOLUTE
    ../fplib/microlib/fpscalb.c              0x00000000   Number         0  dscalb.o ABSOLUTE
    ../fplib/microlib/fpsqrt.c               0x00000000   Number         0  dsqrt.o ABSOLUTE
    ../mathlib/acos.c                        0x00000000   Number         0  acos_x.o ABSOLUTE
    ../mathlib/acos.c                        0x00000000   Number         0  acos.o ABSOLUTE
    ../mathlib/asin.c                        0x00000000   Number         0  asin_x.o ABSOLUTE
    ../mathlib/asin.c                        0x00000000   Number         0  asin.o ABSOLUTE
    ../mathlib/ceil.c                        0x00000000   Number         0  ceil.o ABSOLUTE
    ../mathlib/cos.c                         0x00000000   Number         0  cos.o ABSOLUTE
    ../mathlib/cos.c                         0x00000000   Number         0  cos_x.o ABSOLUTE
    ../mathlib/cos_i.c                       0x00000000   Number         0  cos_i.o ABSOLUTE
    ../mathlib/dunder.c                      0x00000000   Number         0  dunder.o ABSOLUTE
    ../mathlib/fpclassify.c                  0x00000000   Number         0  fpclassify.o ABSOLUTE
    ../mathlib/poly.c                        0x00000000   Number         0  poly.o ABSOLUTE
    ../mathlib/pow.c                         0x00000000   Number         0  pow.o ABSOLUTE
    ../mathlib/pow.c                         0x00000000   Number         0  pow_x.o ABSOLUTE
    ../mathlib/qnan.c                        0x00000000   Number         0  qnan.o ABSOLUTE
    ../mathlib/rred.c                        0x00000000   Number         0  rred.o ABSOLUTE
    ../mathlib/sin.c                         0x00000000   Number         0  sin_x.o ABSOLUTE
    ../mathlib/sin.c                         0x00000000   Number         0  sin.o ABSOLUTE
    ../mathlib/sin_i.c                       0x00000000   Number         0  sin_i.o ABSOLUTE
    ../mathlib/sin_i.c                       0x00000000   Number         0  sin_i_x.o ABSOLUTE
    ../mathlib/sqrt.c                        0x00000000   Number         0  sqrt.o ABSOLUTE
    ../mathlib/sqrt.c                        0x00000000   Number         0  sqrt_x.o ABSOLUTE
    ../mathlib/strtod.c                      0x00000000   Number         0  strtod.o ABSOLUTE
    ..\Libraries\CMSIS\CM3\CoreSupport\core_cm3.c 0x00000000   Number         0  core_cm3.o ABSOLUTE
    ..\Libraries\CMSIS\CM3\DeviceSupport\ST\STM32F10x\startup\arm\startup_stm32f10x_md.s 0x00000000   Number         0  startup_stm32f10x_md.o ABSOLUTE
    ..\Libraries\STM32F10x_StdPeriph_Driver\src\misc.c 0x00000000   Number         0  misc.o ABSOLUTE
    ..\Libraries\STM32F10x_StdPeriph_Driver\src\stm32f10x_adc.c 0x00000000   Number         0  stm32f10x_adc.o ABSOLUTE
    ..\Libraries\STM32F10x_StdPeriph_Driver\src\stm32f10x_bkp.c 0x00000000   Number         0  stm32f10x_bkp.o ABSOLUTE
    ..\Libraries\STM32F10x_StdPeriph_Driver\src\stm32f10x_cec.c 0x00000000   Number         0  stm32f10x_cec.o ABSOLUTE
    ..\Libraries\STM32F10x_StdPeriph_Driver\src\stm32f10x_crc.c 0x00000000   Number         0  stm32f10x_crc.o ABSOLUTE
    ..\Libraries\STM32F10x_StdPeriph_Driver\src\stm32f10x_dac.c 0x00000000   Number         0  stm32f10x_dac.o ABSOLUTE
    ..\Libraries\STM32F10x_StdPeriph_Driver\src\stm32f10x_dbgmcu.c 0x00000000   Number         0  stm32f10x_dbgmcu.o ABSOLUTE
    ..\Libraries\STM32F10x_StdPeriph_Driver\src\stm32f10x_dma.c 0x00000000   Number         0  stm32f10x_dma.o ABSOLUTE
    ..\Libraries\STM32F10x_StdPeriph_Driver\src\stm32f10x_exti.c 0x00000000   Number         0  stm32f10x_exti.o ABSOLUTE
    ..\Libraries\STM32F10x_StdPeriph_Driver\src\stm32f10x_flash.c 0x00000000   Number         0  stm32f10x_flash.o ABSOLUTE
    ..\Libraries\STM32F10x_StdPeriph_Driver\src\stm32f10x_fsmc.c 0x00000000   Number         0  stm32f10x_fsmc.o ABSOLUTE
    ..\Libraries\STM32F10x_StdPeriph_Driver\src\stm32f10x_gpio.c 0x00000000   Number         0  stm32f10x_gpio.o ABSOLUTE
    ..\Libraries\STM32F10x_StdPeriph_Driver\src\stm32f10x_iwdg.c 0x00000000   Number         0  stm32f10x_iwdg.o ABSOLUTE
    ..\Libraries\STM32F10x_StdPeriph_Driver\src\stm32f10x_pwr.c 0x00000000   Number         0  stm32f10x_pwr.o ABSOLUTE
    ..\Libraries\STM32F10x_StdPeriph_Driver\src\stm32f10x_rcc.c 0x00000000   Number         0  stm32f10x_rcc.o ABSOLUTE
    ..\Libraries\STM32F10x_StdPeriph_Driver\src\stm32f10x_rtc.c 0x00000000   Number         0  stm32f10x_rtc.o ABSOLUTE
    ..\Libraries\STM32F10x_StdPeriph_Driver\src\stm32f10x_tim.c 0x00000000   Number         0  stm32f10x_tim.o ABSOLUTE
    ..\Libraries\STM32F10x_StdPeriph_Driver\src\stm32f10x_usart.c 0x00000000   Number         0  stm32f10x_usart.o ABSOLUTE
    ..\Libraries\STM32F10x_StdPeriph_Driver\src\stm32f10x_wwdg.c 0x00000000   Number         0  stm32f10x_wwdg.o ABSOLUTE
    ..\USER\gmath.c                          0x00000000   Number         0  gmath.o ABSOLUTE
    ..\USER\gpsTask.c                        0x00000000   Number         0  gpstask.o ABSOLUTE
    ..\USER\main.c                           0x00000000   Number         0  main.o ABSOLUTE
    ..\USER\nmeaGenerate.c                   0x00000000   Number         0  nmeagenerate.o ABSOLUTE
    ..\USER\nmeaParse.c                      0x00000000   Number         0  nmeaparse.o ABSOLUTE
    ..\USER\nmeaParse2.c                     0x00000000   Number         0  nmeaparse2.o ABSOLUTE
    ..\USER\queueManager.c                   0x00000000   Number         0  queuemanager.o ABSOLUTE
    ..\USER\rtc.c                            0x00000000   Number         0  rtc.o ABSOLUTE
    ..\USER\stm32f10x_it.c                   0x00000000   Number         0  stm32f10x_it.o ABSOLUTE
    ..\USER\system_stm32f10x.c               0x00000000   Number         0  system_stm32f10x.o ABSOLUTE
    ..\USER\tok.c                            0x00000000   Number         0  tok.o ABSOLUTE
    ..\USER\uart1PcPort.c                    0x00000000   Number         0  uart1pcport.o ABSOLUTE
    ..\USER\uart2GpsPort.c                   0x00000000   Number         0  uart2gpsport.o ABSOLUTE
    ..\\Libraries\\CMSIS\\CM3\\CoreSupport\\core_cm3.c 0x00000000   Number         0  core_cm3.o ABSOLUTE
    cdcmple.s                                0x00000000   Number         0  cdcmple.o ABSOLUTE
    cdrcmple.s                               0x00000000   Number         0  cdrcmple.o ABSOLUTE
    dc.s                                     0x00000000   Number         0  dc.o ABSOLUTE
    handlers.s                               0x00000000   Number         0  handlers.o ABSOLUTE
    init.s                                   0x00000000   Number         0  init.o ABSOLUTE
    RESET                                    0x08000000   Section      236  startup_stm32f10x_md.o(RESET)
    .ARM.Collect$$$$00000000                 0x080000ec   Section        0  entry.o(.ARM.Collect$$$$00000000)
    .ARM.Collect$$$$00000001                 0x080000ec   Section        4  entry2.o(.ARM.Collect$$$$00000001)
    .ARM.Collect$$$$00000004                 0x080000f0   Section        4  entry5.o(.ARM.Collect$$$$00000004)
    .ARM.Collect$$$$00000008                 0x080000f4   Section        0  entry7b.o(.ARM.Collect$$$$00000008)
    .ARM.Collect$$$$0000000A                 0x080000f4   Section        0  entry8b.o(.ARM.Collect$$$$0000000A)
    .ARM.Collect$$$$0000000B                 0x080000f4   Section        8  entry9a.o(.ARM.Collect$$$$0000000B)
    .ARM.Collect$$$$0000000D                 0x080000fc   Section        0  entry10a.o(.ARM.Collect$$$$0000000D)
    .ARM.Collect$$$$0000000F                 0x080000fc   Section        0  entry11a.o(.ARM.Collect$$$$0000000F)
    .ARM.Collect$$$$00002712                 0x080000fc   Section        4  entry2.o(.ARM.Collect$$$$00002712)
    __lit__00000000                          0x080000fc   Data           4  entry2.o(.ARM.Collect$$$$00002712)
    .text                                    0x08000100   Section       36  startup_stm32f10x_md.o(.text)
    .text                                    0x08000124   Section        0  memcpya.o(.text)
    .text                                    0x08000148   Section        0  dadd.o(.text)
    .text                                    0x08000296   Section        0  dmul.o(.text)
    .text                                    0x0800037a   Section        0  ddiv.o(.text)
    .text                                    0x08000458   Section       48  cdrcmple.o(.text)
    .text                                    0x08000488   Section        0  uidiv.o(.text)
    .text                                    0x080004b4   Section        0  uldiv.o(.text)
    .text                                    0x08000516   Section        0  llshl.o(.text)
    .text                                    0x08000534   Section        0  llushr.o(.text)
    .text                                    0x08000554   Section        0  llsshr.o(.text)
    .text                                    0x08000578   Section        0  depilogue.o(.text)
    .text                                    0x08000578   Section        0  iusefp.o(.text)
    .text                                    0x08000632   Section        0  dfixul.o(.text)
    .text                                    0x08000664   Section       36  init.o(.text)
    i.BusFault_Handler                       0x08000688   Section        0  stm32f10x_it.o(i.BusFault_Handler)
    i.DebugMon_Handler                       0x0800068a   Section        0  stm32f10x_it.o(i.DebugMon_Handler)
    i.EXTI_ClearITPendingBit                 0x0800068c   Section        0  stm32f10x_exti.o(i.EXTI_ClearITPendingBit)
    i.GPGGA_CallBack                         0x08000698   Section        0  gpstask.o(i.GPGGA_CallBack)
    i.GPGLL_CallBack                         0x0800069c   Section        0  gpstask.o(i.GPGLL_CallBack)
    i.GPGSA_CallBack                         0x080006bc   Section        0  gpstask.o(i.GPGSA_CallBack)
    i.GPGSV_CallBack                         0x080006be   Section        0  gpstask.o(i.GPGSV_CallBack)
    i.GPIO_Configuration                     0x080006c0   Section        0  main.o(i.GPIO_Configuration)
    i.GPIO_Init                              0x080006ec   Section        0  stm32f10x_gpio.o(i.GPIO_Init)
    i.GPIO_ResetBits                         0x08000788   Section        0  stm32f10x_gpio.o(i.GPIO_ResetBits)
    i.GPIO_SetBits                           0x0800078c   Section        0  stm32f10x_gpio.o(i.GPIO_SetBits)
    i.GPRMC_CallBack                         0x08000790   Section        0  gpstask.o(i.GPRMC_CallBack)
    i.GPVTG_CallBack                         0x08000792   Section        0  gpstask.o(i.GPVTG_CallBack)
    i.HardFault_Handler                      0x08000794   Section        0  stm32f10x_it.o(i.HardFault_Handler)
    i.Is_Leap_Year                           0x08000796   Section        0  rtc.o(i.Is_Leap_Year)
    i.MemManage_Handler                      0x080007bc   Section        0  stm32f10x_it.o(i.MemManage_Handler)
    i.NMEA_Parser                            0x080007c0   Section        0  nmeaparse.o(i.NMEA_Parser)
    i.NMI_Handler                            0x08000938   Section        0  stm32f10x_it.o(i.NMI_Handler)
    i.NVIC_Configuration                     0x0800093a   Section        0  main.o(i.NVIC_Configuration)
    i.NVIC_Init                              0x0800097c   Section        0  misc.o(i.NVIC_Init)
    i.NVIC_PriorityGroupConfig               0x080009e0   Section        0  misc.o(i.NVIC_PriorityGroupConfig)
    i.NVIC_SetVectorTable                    0x080009f4   Section        0  misc.o(i.NVIC_SetVectorTable)
    i.ParserGPGGA                            0x08000a08   Section        0  nmeaparse.o(i.ParserGPGGA)
    ParserGPGGA                              0x08000a09   Thumb Code   104  nmeaparse.o(i.ParserGPGGA)
    i.ParserGPGLL                            0x08000a78   Section        0  nmeaparse.o(i.ParserGPGLL)
    ParserGPGLL                              0x08000a79   Thumb Code    76  nmeaparse.o(i.ParserGPGLL)
    i.ParserGPGSA                            0x08000acc   Section        0  nmeaparse.o(i.ParserGPGSA)
    ParserGPGSA                              0x08000acd   Thumb Code   170  nmeaparse.o(i.ParserGPGSA)
    i.ParserGPGSV                            0x08000b80   Section        0  nmeaparse.o(i.ParserGPGSV)
    ParserGPGSV                              0x08000b81   Thumb Code   384  nmeaparse.o(i.ParserGPGSV)
    i.ParserGPRMC                            0x08000d08   Section        0  nmeaparse.o(i.ParserGPRMC)
    ParserGPRMC                              0x08000d09   Thumb Code   608  nmeaparse.o(i.ParserGPRMC)
    i.ParserGPVTG                            0x08000f78   Section        0  nmeaparse.o(i.ParserGPVTG)
    ParserGPVTG                              0x08000f79   Thumb Code    68  nmeaparse.o(i.ParserGPVTG)
    i.PopQueue                               0x08000fc4   Section        0  queuemanager.o(i.PopQueue)
    i.PushQueue                              0x08000fec   Section        0  queuemanager.o(i.PushQueue)
    i.RCC_APB1PeriphClockCmd                 0x0800101c   Section        0  stm32f10x_rcc.o(i.RCC_APB1PeriphClockCmd)
    i.RCC_APB2PeriphClockCmd                 0x08001034   Section        0  stm32f10x_rcc.o(i.RCC_APB2PeriphClockCmd)
    i.RCC_Configuration                      0x0800104c   Section        0  main.o(i.RCC_Configuration)
    i.RCC_DeInit                             0x080010a0   Section        0  stm32f10x_rcc.o(i.RCC_DeInit)
    i.RCC_GetClocksFreq                      0x080010e0   Section        0  stm32f10x_rcc.o(i.RCC_GetClocksFreq)
    i.RCC_GetFlagStatus                      0x08001174   Section        0  stm32f10x_rcc.o(i.RCC_GetFlagStatus)
    i.RCC_GetSYSCLKSource                    0x080011a4   Section        0  stm32f10x_rcc.o(i.RCC_GetSYSCLKSource)
    i.RCC_HCLKConfig                         0x080011b4   Section        0  stm32f10x_rcc.o(i.RCC_HCLKConfig)
    i.RCC_HSEConfig                          0x080011c8   Section        0  stm32f10x_rcc.o(i.RCC_HSEConfig)
    i.RCC_PCLK1Config                        0x080011fc   Section        0  stm32f10x_rcc.o(i.RCC_PCLK1Config)
    i.RCC_PCLK2Config                        0x08001210   Section        0  stm32f10x_rcc.o(i.RCC_PCLK2Config)
    i.RCC_PLLCmd                             0x08001224   Section        0  stm32f10x_rcc.o(i.RCC_PLLCmd)
    i.RCC_PLLConfig                          0x08001230   Section        0  stm32f10x_rcc.o(i.RCC_PLLConfig)
    i.RCC_SYSCLKConfig                       0x08001244   Section        0  stm32f10x_rcc.o(i.RCC_SYSCLKConfig)
    i.RCC_WaitForHSEStartUp                  0x08001258   Section        0  stm32f10x_rcc.o(i.RCC_WaitForHSEStartUp)
    i.RTCAlarm_IRQHandler                    0x08001284   Section        0  rtc.o(i.RTCAlarm_IRQHandler)
    i.RTC_ClearITPendingBit                  0x0800128c   Section        0  stm32f10x_rtc.o(i.RTC_ClearITPendingBit)
    i.RTC_Get                                0x0800129c   Section        0  rtc.o(i.RTC_Get)
    i.RTC_GetITStatus                        0x08001378   Section        0  stm32f10x_rtc.o(i.RTC_GetITStatus)
    i.RTC_IRQHandler                         0x08001398   Section        0  rtc.o(i.RTC_IRQHandler)
    i.RTC_WaitForLastTask                    0x08001414   Section        0  stm32f10x_rtc.o(i.RTC_WaitForLastTask)
    i.SVC_Handler                            0x08001424   Section        0  stm32f10x_it.o(i.SVC_Handler)
    i.SetSysClockTo72                        0x08001428   Section        0  system_stm32f10x.o(i.SetSysClockTo72)
    SetSysClockTo72                          0x08001429   Thumb Code   160  system_stm32f10x.o(i.SetSysClockTo72)
    i.SysTick_Handler                        0x080014d0   Section        0  stm32f10x_it.o(i.SysTick_Handler)
    i.SystemInit                             0x080014d4   Section        0  system_stm32f10x.o(i.SystemInit)
    i.USART1_Configuration                   0x08001524   Section        0  uart1pcport.o(i.USART1_Configuration)
    i.USART1_IRQHandler                      0x080015c4   Section        0  uart1pcport.o(i.USART1_IRQHandler)
    i.USART2_Configuration                   0x080015ec   Section        0  uart2gpsport.o(i.USART2_Configuration)
    i.USART2_IRQHandler                      0x08001688   Section        0  uart2gpsport.o(i.USART2_IRQHandler)
    i.USART_ClearFlag                        0x080016c8   Section        0  stm32f10x_usart.o(i.USART_ClearFlag)
    i.USART_Cmd                              0x080016ce   Section        0  stm32f10x_usart.o(i.USART_Cmd)
    i.USART_GetFlagStatus                    0x080016e2   Section        0  stm32f10x_usart.o(i.USART_GetFlagStatus)
    i.USART_GetITStatus                      0x080016f0   Section        0  stm32f10x_usart.o(i.USART_GetITStatus)
    i.USART_ITConfig                         0x0800172e   Section        0  stm32f10x_usart.o(i.USART_ITConfig)
    i.USART_Init                             0x08001760   Section        0  stm32f10x_usart.o(i.USART_Init)
    i.USART_ReceiveData                      0x0800180c   Section        0  stm32f10x_usart.o(i.USART_ReceiveData)
    i.USART_SendData                         0x08001814   Section        0  stm32f10x_usart.o(i.USART_SendData)
    i.Uart1_PutChar                          0x0800181c   Section        0  uart1pcport.o(i.Uart1_PutChar)
    i.Uart2_PutChar                          0x0800183c   Section        0  uart2gpsport.o(i.Uart2_PutChar)
    i.UsageFault_Handler                     0x0800185c   Section        0  stm32f10x_it.o(i.UsageFault_Handler)
    i.__0printf                              0x08001860   Section        0  printfa.o(i.__0printf)
    i.__scatterload_copy                     0x08001880   Section       14  handlers.o(i.__scatterload_copy)
    i.__scatterload_null                     0x0800188e   Section        2  handlers.o(i.__scatterload_null)
    i.__scatterload_zeroinit                 0x08001890   Section       14  handlers.o(i.__scatterload_zeroinit)
    i._fp_digits                             0x080018a0   Section        0  printfa.o(i._fp_digits)
    _fp_digits                               0x080018a1   Thumb Code   334  printfa.o(i._fp_digits)
    i._printf_core                           0x08001a04   Section        0  printfa.o(i._printf_core)
    _printf_core                             0x08001a05   Thumb Code  1744  printfa.o(i._printf_core)
    i._printf_post_padding                   0x080020e0   Section        0  printfa.o(i._printf_post_padding)
    _printf_post_padding                     0x080020e1   Thumb Code    36  printfa.o(i._printf_post_padding)
    i._printf_pre_padding                    0x08002104   Section        0  printfa.o(i._printf_pre_padding)
    _printf_pre_padding                      0x08002105   Thumb Code    46  printfa.o(i._printf_pre_padding)
    i.fputc                                  0x08002132   Section        0  uart1pcport.o(i.fputc)
    i.getQueueSize                           0x08002144   Section        0  queuemanager.o(i.getQueueSize)
    i.gpsTaskMain                            0x0800215c   Section        0  gpstask.o(i.gpsTaskMain)
    i.hardwareInit                           0x080021cc   Section        0  main.o(i.hardwareInit)
    i.initGpsModule                          0x080021e6   Section        0  gpstask.o(i.initGpsModule)
    i.initNmeaParserCallBack                 0x08002208   Section        0  gpstask.o(i.initNmeaParserCallBack)
    i.initParserCallBack                     0x08002238   Section        0  nmeaparse.o(i.initParserCallBack)
    i.initQueue                              0x0800224c   Section        0  queuemanager.o(i.initQueue)
    i.initUbxCfg                             0x0800225c   Section        0  gpstask.o(i.initUbxCfg)
    i.ledTurnOn                              0x08002384   Section        0  main.o(i.ledTurnOn)
    i.main                                   0x0800239c   Section        0  main.o(i.main)
    i.ubx_Parser                             0x080023cc   Section        0  nmeaparse.o(i.ubx_Parser)
    .constdata                               0x08002484   Section       12  rtc.o(.constdata)
    .data                                    0x20000000   Section       12  gpstask.o(.data)
    .data                                    0x2000000c   Section       27  nmeaparse.o(.data)
    NMEA_Start                               0x2000000c   Data           1  nmeaparse.o(.data)
    NMEA_TypeParsed                          0x2000000d   Data           1  nmeaparse.o(.data)
    NMEA_MsgType                             0x2000000e   Data           1  nmeaparse.o(.data)
    NMEA_MsgTypeIndex                        0x2000000f   Data           1  nmeaparse.o(.data)
    NMEA_MsgBlock                            0x20000010   Data           1  nmeaparse.o(.data)
    NMEA_MsgBlockDatIndex                    0x20000011   Data           1  nmeaparse.o(.data)
    GPS_Parse_Status                         0x20000012   Data           1  nmeaparse.o(.data)
    SateInfoIndex                            0x20000013   Data           1  nmeaparse.o(.data)
    ubxType                                  0x20000016   Data           1  nmeaparse.o(.data)
    ubxClass                                 0x20000017   Data           1  nmeaparse.o(.data)
    ubxID                                    0x20000018   Data           1  nmeaparse.o(.data)
    ubxLength                                0x20000019   Data           1  nmeaparse.o(.data)
    ubxPayLoadIndex                          0x2000001a   Data           1  nmeaparse.o(.data)
    NMEA_MsgTypeBuff                         0x20000020   Data           7  nmeaparse.o(.data)
    .data                                    0x20000028   Section        2  rtc.o(.data)
    daycnt                                   0x20000028   Data           2  rtc.o(.data)
    .data                                    0x2000002c   Section        4  uart1pcport.o(.data)
    .data                                    0x20000030   Section       20  stm32f10x_rcc.o(.data)
    ADCPrescTable                            0x20000030   Data           4  stm32f10x_rcc.o(.data)
    APBAHBPrescTable                         0x20000034   Data          16  stm32f10x_rcc.o(.data)
    .bss                                     0x20000048   Section      252  nmeaparse.o(.bss)
    GPS_RMC_Data                             0x20000048   Data          36  nmeaparse.o(.bss)
    GPS_GGA_Data                             0x2000006c   Data          10  nmeaparse.o(.bss)
    GPS_GSA_Data                             0x20000076   Data          29  nmeaparse.o(.bss)
    GPS_GSV_Data                             0x20000094   Data          74  nmeaparse.o(.bss)
    GPS_VTG_Data                             0x200000e0   Data          64  nmeaparse.o(.bss)
    GPS_GLL_Data                             0x20000120   Data          12  nmeaparse.o(.bss)
    Parser_CallBack                          0x2000012c   Data          24  nmeaparse.o(.bss)
    .bss                                     0x20000144   Section       10  rtc.o(.bss)
    .bss                                     0x20000150   Section      108  queuemanager.o(.bss)
    STACK                                    0x200001c0   Section     1024  startup_stm32f10x_md.o(STACK)

    Global Symbols

    Symbol Name                              Value     Ov Type        Size  Object(Section)

    BuildAttributes$$THM_ISAv4$P$D$K$B$S$PE$A:L22UL41UL21$X:L11$S22US41US21$IEEE1$IW$USESV6$~STKCKD$USESV7$~SHL$OTIME$ROPI$IEEEX$EBA8$MICROLIB$REQ8$PRES8$EABIv2 0x00000000   Number         0  anon$$obj.o ABSOLUTE
    __ARM_use_no_argv                        0x00000000   Number         0  main.o ABSOLUTE
    __use_no_errno                           0x00000000   Number         0  useno.o ABSOLUTE
    __use_no_exception_handling              0x00000000   Number         0  useno.o ABSOLUTE
    __use_no_fp                              0x00000000   Number         0  useno.o ABSOLUTE
    __use_no_heap                            0x00000000   Number         0  useno.o ABSOLUTE
    __use_no_heap_region                     0x00000000   Number         0  useno.o ABSOLUTE
    __use_no_semihosting                     0x00000000   Number         0  useno.o ABSOLUTE
    __use_no_semihosting_swi                 0x00000000   Number         0  useno.o ABSOLUTE
    __use_no_signal_handling                 0x00000000   Number         0  useno.o ABSOLUTE
    _printf_a                                0x00000000   Number         0  stubs.o ABSOLUTE
    _printf_c                                0x00000000   Number         0  stubs.o ABSOLUTE
    _printf_charcount                        0x00000000   Number         0  stubs.o ABSOLUTE
    _printf_d                                0x00000000   Number         0  stubs.o ABSOLUTE
    _printf_e                                0x00000000   Number         0  stubs.o ABSOLUTE
    _printf_f                                0x00000000   Number         0  stubs.o ABSOLUTE
    _printf_flags                            0x00000000   Number         0  stubs.o ABSOLUTE
    _printf_fp_dec                           0x00000000   Number         0  stubs.o ABSOLUTE
    _printf_fp_hex                           0x00000000   Number         0  stubs.o ABSOLUTE
    _printf_g                                0x00000000   Number         0  stubs.o ABSOLUTE
    _printf_i                                0x00000000   Number         0  stubs.o ABSOLUTE
    _printf_int_dec                          0x00000000   Number         0  stubs.o ABSOLUTE
    _printf_l                                0x00000000   Number         0  stubs.o ABSOLUTE
    _printf_lc                               0x00000000   Number         0  stubs.o ABSOLUTE
    _printf_ll                               0x00000000   Number         0  stubs.o ABSOLUTE
    _printf_lld                              0x00000000   Number         0  stubs.o ABSOLUTE
    _printf_lli                              0x00000000   Number         0  stubs.o ABSOLUTE
    _printf_llo                              0x00000000   Number         0  stubs.o ABSOLUTE
    _printf_llu                              0x00000000   Number         0  stubs.o ABSOLUTE
    _printf_llx                              0x00000000   Number         0  stubs.o ABSOLUTE
    _printf_longlong_dec                     0x00000000   Number         0  stubs.o ABSOLUTE
    _printf_longlong_hex                     0x00000000   Number         0  stubs.o ABSOLUTE
    _printf_longlong_oct                     0x00000000   Number         0  stubs.o ABSOLUTE
    _printf_ls                               0x00000000   Number         0  stubs.o ABSOLUTE
    _printf_mbtowc                           0x00000000   Number         0  stubs.o ABSOLUTE
    _printf_n                                0x00000000   Number         0  stubs.o ABSOLUTE
    _printf_o                                0x00000000   Number         0  stubs.o ABSOLUTE
    _printf_p                                0x00000000   Number         0  stubs.o ABSOLUTE
    _printf_percent                          0x00000000   Number         0  stubs.o ABSOLUTE
    _printf_pre_padding                      0x00000000   Number         0  stubs.o ABSOLUTE
    _printf_return_value                     0x00000000   Number         0  stubs.o ABSOLUTE
    _printf_s                                0x00000000   Number         0  stubs.o ABSOLUTE
    _printf_sizespec                         0x00000000   Number         0  stubs.o ABSOLUTE
    _printf_str                              0x00000000   Number         0  stubs.o ABSOLUTE
    _printf_truncate_signed                  0x00000000   Number         0  stubs.o ABSOLUTE
    _printf_truncate_unsigned                0x00000000   Number         0  stubs.o ABSOLUTE
    _printf_u                                0x00000000   Number         0  stubs.o ABSOLUTE
    _printf_wc                               0x00000000   Number         0  stubs.o ABSOLUTE
    _printf_wctomb                           0x00000000   Number         0  stubs.o ABSOLUTE
    _printf_widthprec                        0x00000000   Number         0  stubs.o ABSOLUTE
    _printf_x                                0x00000000   Number         0  stubs.o ABSOLUTE
    __cpp_initialize__aeabi_                  - Undefined Weak Reference
    __cxa_finalize                            - Undefined Weak Reference
    __decompress                              - Undefined Weak Reference
    _clock_init                               - Undefined Weak Reference
    _microlib_exit                            - Undefined Weak Reference
    __Vectors_Size                           0x000000ec   Number         0  startup_stm32f10x_md.o ABSOLUTE
    __Vectors                                0x08000000   Data           4  startup_stm32f10x_md.o(RESET)
    __Vectors_End                            0x080000ec   Data           0  startup_stm32f10x_md.o(RESET)
    __main                                   0x080000ed   Thumb Code     0  entry.o(.ARM.Collect$$$$00000000)
    _main_stk                                0x080000ed   Thumb Code     0  entry2.o(.ARM.Collect$$$$00000001)
    _main_scatterload                        0x080000f1   Thumb Code     0  entry5.o(.ARM.Collect$$$$00000004)
    __main_after_scatterload                 0x080000f5   Thumb Code     0  entry5.o(.ARM.Collect$$$$00000004)
    _main_clock                              0x080000f5   Thumb Code     0  entry7b.o(.ARM.Collect$$$$00000008)
    _main_cpp_init                           0x080000f5   Thumb Code     0  entry8b.o(.ARM.Collect$$$$0000000A)
    _main_init                               0x080000f5   Thumb Code     0  entry9a.o(.ARM.Collect$$$$0000000B)
    __rt_final_cpp                           0x080000fd   Thumb Code     0  entry10a.o(.ARM.Collect$$$$0000000D)
    __rt_final_exit                          0x080000fd   Thumb Code     0  entry11a.o(.ARM.Collect$$$$0000000F)
    Reset_Handler                            0x08000101   Thumb Code     8  startup_stm32f10x_md.o(.text)
    PendSV_Handler                           0x08000117   Thumb Code     2  startup_stm32f10x_md.o(.text)
    ADC1_2_IRQHandler                        0x0800011b   Thumb Code     0  startup_stm32f10x_md.o(.text)
    CAN1_RX1_IRQHandler                      0x0800011b   Thumb Code     0  startup_stm32f10x_md.o(.text)
    CAN1_SCE_IRQHandler                      0x0800011b   Thumb Code     0  startup_stm32f10x_md.o(.text)
    DMA1_Channel1_IRQHandler                 0x0800011b   Thumb Code     0  startup_stm32f10x_md.o(.text)
    DMA1_Channel2_IRQHandler                 0x0800011b   Thumb Code     0  startup_stm32f10x_md.o(.text)
    DMA1_Channel3_IRQHandler                 0x0800011b   Thumb Code     0  startup_stm32f10x_md.o(.text)
    DMA1_Channel4_IRQHandler                 0x0800011b   Thumb Code     0  startup_stm32f10x_md.o(.text)
    DMA1_Channel5_IRQHandler                 0x0800011b   Thumb Code     0  startup_stm32f10x_md.o(.text)
    DMA1_Channel6_IRQHandler                 0x0800011b   Thumb Code     0  startup_stm32f10x_md.o(.text)
    DMA1_Channel7_IRQHandler                 0x0800011b   Thumb Code     0  startup_stm32f10x_md.o(.text)
    EXTI0_IRQHandler                         0x0800011b   Thumb Code     0  startup_stm32f10x_md.o(.text)
    EXTI15_10_IRQHandler                     0x0800011b   Thumb Code     0  startup_stm32f10x_md.o(.text)
    EXTI1_IRQHandler                         0x0800011b   Thumb Code     0  startup_stm32f10x_md.o(.text)
    EXTI2_IRQHandler                         0x0800011b   Thumb Code     0  startup_stm32f10x_md.o(.text)
    EXTI3_IRQHandler                         0x0800011b   Thumb Code     0  startup_stm32f10x_md.o(.text)
    EXTI4_IRQHandler                         0x0800011b   Thumb Code     0  startup_stm32f10x_md.o(.text)
    EXTI9_5_IRQHandler                       0x0800011b   Thumb Code     0  startup_stm32f10x_md.o(.text)
    FLASH_IRQHandler                         0x0800011b   Thumb Code     0  startup_stm32f10x_md.o(.text)
    I2C1_ER_IRQHandler                       0x0800011b   Thumb Code     0  startup_stm32f10x_md.o(.text)
    I2C1_EV_IRQHandler                       0x0800011b   Thumb Code     0  startup_stm32f10x_md.o(.text)
    I2C2_ER_IRQHandler                       0x0800011b   Thumb Code     0  startup_stm32f10x_md.o(.text)
    I2C2_EV_IRQHandler                       0x0800011b   Thumb Code     0  startup_stm32f10x_md.o(.text)
    PVD_IRQHandler                           0x0800011b   Thumb Code     0  startup_stm32f10x_md.o(.text)
    RCC_IRQHandler                           0x0800011b   Thumb Code     0  startup_stm32f10x_md.o(.text)
    SPI1_IRQHandler                          0x0800011b   Thumb Code     0  startup_stm32f10x_md.o(.text)
    SPI2_IRQHandler                          0x0800011b   Thumb Code     0  startup_stm32f10x_md.o(.text)
    TAMPER_IRQHandler                        0x0800011b   Thumb Code     0  startup_stm32f10x_md.o(.text)
    TIM1_BRK_IRQHandler                      0x0800011b   Thumb Code     0  startup_stm32f10x_md.o(.text)
    TIM1_CC_IRQHandler                       0x0800011b   Thumb Code     0  startup_stm32f10x_md.o(.text)
    TIM1_TRG_COM_IRQHandler                  0x0800011b   Thumb Code     0  startup_stm32f10x_md.o(.text)
    TIM1_UP_IRQHandler                       0x0800011b   Thumb Code     0  startup_stm32f10x_md.o(.text)
    TIM2_IRQHandler                          0x0800011b   Thumb Code     0  startup_stm32f10x_md.o(.text)
    TIM3_IRQHandler                          0x0800011b   Thumb Code     0  startup_stm32f10x_md.o(.text)
    TIM4_IRQHandler                          0x0800011b   Thumb Code     0  startup_stm32f10x_md.o(.text)
    USART3_IRQHandler                        0x0800011b   Thumb Code     0  startup_stm32f10x_md.o(.text)
    USBWakeUp_IRQHandler                     0x0800011b   Thumb Code     0  startup_stm32f10x_md.o(.text)
    USB_HP_CAN1_TX_IRQHandler                0x0800011b   Thumb Code     0  startup_stm32f10x_md.o(.text)
    USB_LP_CAN1_RX0_IRQHandler               0x0800011b   Thumb Code     0  startup_stm32f10x_md.o(.text)
    WWDG_IRQHandler                          0x0800011b   Thumb Code     0  startup_stm32f10x_md.o(.text)
    __aeabi_memcpy                           0x08000125   Thumb Code    36  memcpya.o(.text)
    __aeabi_memcpy4                          0x08000125   Thumb Code     0  memcpya.o(.text)
    __aeabi_memcpy8                          0x08000125   Thumb Code     0  memcpya.o(.text)
    __aeabi_dadd                             0x08000149   Thumb Code   322  dadd.o(.text)
    __aeabi_dsub                             0x0800028b   Thumb Code     6  dadd.o(.text)
    __aeabi_drsub                            0x08000291   Thumb Code     6  dadd.o(.text)
    __aeabi_dmul                             0x08000297   Thumb Code   228  dmul.o(.text)
    __aeabi_ddiv                             0x0800037b   Thumb Code   222  ddiv.o(.text)
    __aeabi_cdrcmple                         0x08000459   Thumb Code    48  cdrcmple.o(.text)
    __aeabi_uidiv                            0x08000489   Thumb Code     0  uidiv.o(.text)
    __aeabi_uidivmod                         0x08000489   Thumb Code    44  uidiv.o(.text)
    __aeabi_uldivmod                         0x080004b5   Thumb Code    98  uldiv.o(.text)
    __aeabi_llsl                             0x08000517   Thumb Code    30  llshl.o(.text)
    _ll_shift_l                              0x08000517   Thumb Code     0  llshl.o(.text)
    __aeabi_llsr                             0x08000535   Thumb Code    32  llushr.o(.text)
    _ll_ushift_r                             0x08000535   Thumb Code     0  llushr.o(.text)
    __aeabi_lasr                             0x08000555   Thumb Code    36  llsshr.o(.text)
    _ll_sshift_r                             0x08000555   Thumb Code     0  llsshr.o(.text)
    __I$use$fp                               0x08000579   Thumb Code     0  iusefp.o(.text)
    _double_round                            0x08000579   Thumb Code    30  depilogue.o(.text)
    _double_epilogue                         0x08000597   Thumb Code   156  depilogue.o(.text)
    __aeabi_d2ulz                            0x08000633   Thumb Code    48  dfixul.o(.text)
    __scatterload                            0x08000665   Thumb Code    28  init.o(.text)
    __scatterload_rt2                        0x08000665   Thumb Code     0  init.o(.text)
    BusFault_Handler                         0x08000689   Thumb Code     2  stm32f10x_it.o(i.BusFault_Handler)
    DebugMon_Handler                         0x0800068b   Thumb Code     2  stm32f10x_it.o(i.DebugMon_Handler)
    EXTI_ClearITPendingBit                   0x0800068d   Thumb Code     6  stm32f10x_exti.o(i.EXTI_ClearITPendingBit)
    GPGGA_CallBack                           0x08000699   Thumb Code     2  gpstask.o(i.GPGGA_CallBack)
    GPGLL_CallBack                           0x0800069d   Thumb Code    26  gpstask.o(i.GPGLL_CallBack)
    GPGSA_CallBack                           0x080006bd   Thumb Code     2  gpstask.o(i.GPGSA_CallBack)
    GPGSV_CallBack                           0x080006bf   Thumb Code     2  gpstask.o(i.GPGSV_CallBack)
    GPIO_Configuration                       0x080006c1   Thumb Code    40  main.o(i.GPIO_Configuration)
    GPIO_Init                                0x080006ed   Thumb Code   156  stm32f10x_gpio.o(i.GPIO_Init)
    GPIO_ResetBits                           0x08000789   Thumb Code     4  stm32f10x_gpio.o(i.GPIO_ResetBits)
    GPIO_SetBits                             0x0800078d   Thumb Code     4  stm32f10x_gpio.o(i.GPIO_SetBits)
    GPRMC_CallBack                           0x08000791   Thumb Code     2  gpstask.o(i.GPRMC_CallBack)
    GPVTG_CallBack                           0x08000793   Thumb Code     2  gpstask.o(i.GPVTG_CallBack)
    HardFault_Handler                        0x08000795   Thumb Code     2  stm32f10x_it.o(i.HardFault_Handler)
    Is_Leap_Year                             0x08000797   Thumb Code    38  rtc.o(i.Is_Leap_Year)
    MemManage_Handler                        0x080007bd   Thumb Code     2  stm32f10x_it.o(i.MemManage_Handler)
    NMEA_Parser                              0x080007c1   Thumb Code   366  nmeaparse.o(i.NMEA_Parser)
    NMI_Handler                              0x08000939   Thumb Code     2  stm32f10x_it.o(i.NMI_Handler)
    NVIC_Configuration                       0x0800093b   Thumb Code    66  main.o(i.NVIC_Configuration)
    NVIC_Init                                0x0800097d   Thumb Code    94  misc.o(i.NVIC_Init)
    NVIC_PriorityGroupConfig                 0x080009e1   Thumb Code    10  misc.o(i.NVIC_PriorityGroupConfig)
    NVIC_SetVectorTable                      0x080009f5   Thumb Code    12  misc.o(i.NVIC_SetVectorTable)
    PopQueue                                 0x08000fc5   Thumb Code    34  queuemanager.o(i.PopQueue)
    PushQueue                                0x08000fed   Thumb Code    44  queuemanager.o(i.PushQueue)
    RCC_APB1PeriphClockCmd                   0x0800101d   Thumb Code    18  stm32f10x_rcc.o(i.RCC_APB1PeriphClockCmd)
    RCC_APB2PeriphClockCmd                   0x08001035   Thumb Code    18  stm32f10x_rcc.o(i.RCC_APB2PeriphClockCmd)
    RCC_Configuration                        0x0800104d   Thumb Code    84  main.o(i.RCC_Configuration)
    RCC_DeInit                               0x080010a1   Thumb Code    50  stm32f10x_rcc.o(i.RCC_DeInit)
    RCC_GetClocksFreq                        0x080010e1   Thumb Code   132  stm32f10x_rcc.o(i.RCC_GetClocksFreq)
    RCC_GetFlagStatus                        0x08001175   Thumb Code    42  stm32f10x_rcc.o(i.RCC_GetFlagStatus)
    RCC_GetSYSCLKSource                      0x080011a5   Thumb Code    10  stm32f10x_rcc.o(i.RCC_GetSYSCLKSource)
    RCC_HCLKConfig                           0x080011b5   Thumb Code    14  stm32f10x_rcc.o(i.RCC_HCLKConfig)
    RCC_HSEConfig                            0x080011c9   Thumb Code    48  stm32f10x_rcc.o(i.RCC_HSEConfig)
    RCC_PCLK1Config                          0x080011fd   Thumb Code    14  stm32f10x_rcc.o(i.RCC_PCLK1Config)
    RCC_PCLK2Config                          0x08001211   Thumb Code    16  stm32f10x_rcc.o(i.RCC_PCLK2Config)
    RCC_PLLCmd                               0x08001225   Thumb Code     6  stm32f10x_rcc.o(i.RCC_PLLCmd)
    RCC_PLLConfig                            0x08001231   Thumb Code    16  stm32f10x_rcc.o(i.RCC_PLLConfig)
    RCC_SYSCLKConfig                         0x08001245   Thumb Code    14  stm32f10x_rcc.o(i.RCC_SYSCLKConfig)
    RCC_WaitForHSEStartUp                    0x08001259   Thumb Code    44  stm32f10x_rcc.o(i.RCC_WaitForHSEStartUp)
    RTCAlarm_IRQHandler                      0x08001285   Thumb Code     8  rtc.o(i.RTCAlarm_IRQHandler)
    RTC_ClearITPendingBit                    0x0800128d   Thumb Code    10  stm32f10x_rtc.o(i.RTC_ClearITPendingBit)
    RTC_Get                                  0x0800129d   Thumb Code   198  rtc.o(i.RTC_Get)
    RTC_GetITStatus                          0x08001379   Thumb Code    28  stm32f10x_rtc.o(i.RTC_GetITStatus)
    RTC_IRQHandler                           0x08001399   Thumb Code    82  rtc.o(i.RTC_IRQHandler)
    RTC_WaitForLastTask                      0x08001415   Thumb Code    10  stm32f10x_rtc.o(i.RTC_WaitForLastTask)
    SVC_Handler                              0x08001425   Thumb Code     2  stm32f10x_it.o(i.SVC_Handler)
    SysTick_Handler                          0x080014d1   Thumb Code     2  stm32f10x_it.o(i.SysTick_Handler)
    SystemInit                               0x080014d5   Thumb Code    64  system_stm32f10x.o(i.SystemInit)
    USART1_Configuration                     0x08001525   Thumb Code   150  uart1pcport.o(i.USART1_Configuration)
    USART1_IRQHandler                        0x080015c5   Thumb Code    36  uart1pcport.o(i.USART1_IRQHandler)
    USART2_Configuration                     0x080015ed   Thumb Code   146  uart2gpsport.o(i.USART2_Configuration)
    USART2_IRQHandler                        0x08001689   Thumb Code    58  uart2gpsport.o(i.USART2_IRQHandler)
    USART_ClearFlag                          0x080016c9   Thumb Code     6  stm32f10x_usart.o(i.USART_ClearFlag)
    USART_Cmd                                0x080016cf   Thumb Code    20  stm32f10x_usart.o(i.USART_Cmd)
    USART_GetFlagStatus                      0x080016e3   Thumb Code    14  stm32f10x_usart.o(i.USART_GetFlagStatus)
    USART_GetITStatus                        0x080016f1   Thumb Code    62  stm32f10x_usart.o(i.USART_GetITStatus)
    USART_ITConfig                           0x0800172f   Thumb Code    48  stm32f10x_usart.o(i.USART_ITConfig)
    USART_Init                               0x08001761   Thumb Code   166  stm32f10x_usart.o(i.USART_Init)
    USART_ReceiveData                        0x0800180d   Thumb Code     8  stm32f10x_usart.o(i.USART_ReceiveData)
    USART_SendData                           0x08001815   Thumb Code     8  stm32f10x_usart.o(i.USART_SendData)
    Uart1_PutChar                            0x0800181d   Thumb Code    26  uart1pcport.o(i.Uart1_PutChar)
    Uart2_PutChar                            0x0800183d   Thumb Code    26  uart2gpsport.o(i.Uart2_PutChar)
    UsageFault_Handler                       0x0800185d   Thumb Code     2  stm32f10x_it.o(i.UsageFault_Handler)
    __0printf                                0x08001861   Thumb Code    22  printfa.o(i.__0printf)
    __1printf                                0x08001861   Thumb Code     0  printfa.o(i.__0printf)
    __2printf                                0x08001861   Thumb Code     0  printfa.o(i.__0printf)
    __c89printf                              0x08001861   Thumb Code     0  printfa.o(i.__0printf)
    printf                                   0x08001861   Thumb Code     0  printfa.o(i.__0printf)
    __scatterload_copy                       0x08001881   Thumb Code    14  handlers.o(i.__scatterload_copy)
    __scatterload_null                       0x0800188f   Thumb Code     2  handlers.o(i.__scatterload_null)
    __scatterload_zeroinit                   0x08001891   Thumb Code    14  handlers.o(i.__scatterload_zeroinit)
    fputc                                    0x08002133   Thumb Code    16  uart1pcport.o(i.fputc)
    getQueueSize                             0x08002145   Thumb Code    20  queuemanager.o(i.getQueueSize)
    gpsTaskMain                              0x0800215d   Thumb Code   106  gpstask.o(i.gpsTaskMain)
    hardwareInit                             0x080021cd   Thumb Code    26  main.o(i.hardwareInit)
    initGpsModule                            0x080021e7   Thumb Code    32  gpstask.o(i.initGpsModule)
    initNmeaParserCallBack                   0x08002209   Thumb Code    24  gpstask.o(i.initNmeaParserCallBack)
    initParserCallBack                       0x08002239   Thumb Code    14  nmeaparse.o(i.initParserCallBack)
    initQueue                                0x0800224d   Thumb Code    10  queuemanager.o(i.initQueue)
    initUbxCfg                               0x0800225d   Thumb Code   128  gpstask.o(i.initUbxCfg)
    ledTurnOn                                0x08002385   Thumb Code    20  main.o(i.ledTurnOn)
    main                                     0x0800239d   Thumb Code    30  main.o(i.main)
    ubx_Parser                               0x080023cd   Thumb Code   180  nmeaparse.o(i.ubx_Parser)
    mon_table                                0x08002484   Data          12  rtc.o(.constdata)
    Region$$Table$$Base                      0x08002490   Number         0  anon$$obj.o(Region$$Table)
    Region$$Table$$Limit                     0x080024b0   Number         0  anon$$obj.o(Region$$Table)
    g_Mode                                   0x20000000   Data           1  gpstask.o(.data)
    g_Even                                   0x20000001   Data           1  gpstask.o(.data)
    hDOP_Diff                                0x20000002   Data           1  gpstask.o(.data)
    validDirPosCnt                           0x20000003   Data           1  gpstask.o(.data)
    validPosCnt                              0x20000004   Data           1  gpstask.o(.data)
    ubxStart                                 0x20000005   Data           1  gpstask.o(.data)
    hAcc                                     0x20000008   Data           4  gpstask.o(.data)
    waitCrcFlag                              0x20000014   Data           1  nmeaparse.o(.data)
    crcCnt                                   0x20000015   Data           1  nmeaparse.o(.data)
    mhAcc                                    0x2000001c   Data           4  nmeaparse.o(.data)
    __stdout                                 0x2000002c   Data           4  uart1pcport.o(.data)
    timer                                    0x20000144   Data          10  rtc.o(.bss)
    queue                                    0x20000150   Data         108  queuemanager.o(.bss)
    __initial_sp                             0x200005c0   Data           0  startup_stm32f10x_md.o(STACK)



==============================================================================

Memory Map of the image

  Image Entry point : 0x080000ed

  Load Region LR_IROM1 (Base: 0x08000000, Size: 0x000024f4, Max: 0x00010000, ABSOLUTE)

    Execution Region ER_IROM1 (Base: 0x08000000, Size: 0x000024b0, Max: 0x00010000, ABSOLUTE)

    Base Addr    Size         Type   Attr      Idx    E Section Name        Object

    0x08000000   0x000000ec   Data   RO         3209    RESET               startup_stm32f10x_md.o
    0x080000ec   0x00000000   Code   RO         3276  * .ARM.Collect$$$$00000000  mc_w.l(entry.o)
    0x080000ec   0x00000004   Code   RO         3647    .ARM.Collect$$$$00000001  mc_w.l(entry2.o)
    0x080000f0   0x00000004   Code   RO         3650    .ARM.Collect$$$$00000004  mc_w.l(entry5.o)
    0x080000f4   0x00000000   Code   RO         3652    .ARM.Collect$$$$00000008  mc_w.l(entry7b.o)
    0x080000f4   0x00000000   Code   RO         3654    .ARM.Collect$$$$0000000A  mc_w.l(entry8b.o)
    0x080000f4   0x00000008   Code   RO         3655    .ARM.Collect$$$$0000000B  mc_w.l(entry9a.o)
    0x080000fc   0x00000000   Code   RO         3657    .ARM.Collect$$$$0000000D  mc_w.l(entry10a.o)
    0x080000fc   0x00000000   Code   RO         3659    .ARM.Collect$$$$0000000F  mc_w.l(entry11a.o)
    0x080000fc   0x00000004   Code   RO         3648    .ARM.Collect$$$$00002712  mc_w.l(entry2.o)
    0x08000100   0x00000024   Code   RO         3210    .text               startup_stm32f10x_md.o
    0x08000124   0x00000024   Code   RO         3307    .text               mc_w.l(memcpya.o)
    0x08000148   0x0000014e   Code   RO         3588    .text               mf_w.l(dadd.o)
    0x08000296   0x000000e4   Code   RO         3590    .text               mf_w.l(dmul.o)
    0x0800037a   0x000000de   Code   RO         3592    .text               mf_w.l(ddiv.o)
    0x08000458   0x00000030   Code   RO         3612    .text               mf_w.l(cdrcmple.o)
    0x08000488   0x0000002c   Code   RO         3661    .text               mc_w.l(uidiv.o)
    0x080004b4   0x00000062   Code   RO         3663    .text               mc_w.l(uldiv.o)
    0x08000516   0x0000001e   Code   RO         3665    .text               mc_w.l(llshl.o)
    0x08000534   0x00000020   Code   RO         3667    .text               mc_w.l(llushr.o)
    0x08000554   0x00000024   Code   RO         3669    .text               mc_w.l(llsshr.o)
    0x08000578   0x00000000   Code   RO         3682    .text               mc_w.l(iusefp.o)
    0x08000578   0x000000ba   Code   RO         3685    .text               mf_w.l(depilogue.o)
    0x08000632   0x00000030   Code   RO         3689    .text               mf_w.l(dfixul.o)
    0x08000662   0x00000002   PAD
    0x08000664   0x00000024   Code   RO         3691    .text               mc_w.l(init.o)
    0x08000688   0x00000002   Code   RO          114    i.BusFault_Handler  stm32f10x_it.o
    0x0800068a   0x00000002   Code   RO          115    i.DebugMon_Handler  stm32f10x_it.o
    0x0800068c   0x0000000c   Code   RO         2027    i.EXTI_ClearITPendingBit  stm32f10x_exti.o
    0x08000698   0x00000002   Code   RO          168    i.GPGGA_CallBack    gpstask.o
    0x0800069a   0x00000002   PAD
    0x0800069c   0x00000020   Code   RO          169    i.GPGLL_CallBack    gpstask.o
    0x080006bc   0x00000002   Code   RO          170    i.GPGSA_CallBack    gpstask.o
    0x080006be   0x00000002   Code   RO          171    i.GPGSV_CallBack    gpstask.o
    0x080006c0   0x0000002c   Code   RO            1    i.GPIO_Configuration  main.o
    0x080006ec   0x0000009c   Code   RO         1094    i.GPIO_Init         stm32f10x_gpio.o
    0x08000788   0x00000004   Code   RO         1101    i.GPIO_ResetBits    stm32f10x_gpio.o
    0x0800078c   0x00000004   Code   RO         1102    i.GPIO_SetBits      stm32f10x_gpio.o
    0x08000790   0x00000002   Code   RO          172    i.GPRMC_CallBack    gpstask.o
    0x08000792   0x00000002   Code   RO          173    i.GPVTG_CallBack    gpstask.o
    0x08000794   0x00000002   Code   RO          116    i.HardFault_Handler  stm32f10x_it.o
    0x08000796   0x00000026   Code   RO          573    i.Is_Leap_Year      rtc.o
    0x080007bc   0x00000002   Code   RO          117    i.MemManage_Handler  stm32f10x_it.o
    0x080007be   0x00000002   PAD
    0x080007c0   0x00000178   Code   RO          288    i.NMEA_Parser       nmeaparse.o
    0x08000938   0x00000002   Code   RO          118    i.NMI_Handler       stm32f10x_it.o
    0x0800093a   0x00000042   Code   RO            2    i.NVIC_Configuration  main.o
    0x0800097c   0x00000064   Code   RO          877    i.NVIC_Init         misc.o
    0x080009e0   0x00000014   Code   RO          878    i.NVIC_PriorityGroupConfig  misc.o
    0x080009f4   0x00000014   Code   RO          879    i.NVIC_SetVectorTable  misc.o
    0x08000a08   0x00000070   Code   RO          289    i.ParserGPGGA       nmeaparse.o
    0x08000a78   0x00000054   Code   RO          290    i.ParserGPGLL       nmeaparse.o
    0x08000acc   0x000000b4   Code   RO          291    i.ParserGPGSA       nmeaparse.o
    0x08000b80   0x00000188   Code   RO          292    i.ParserGPGSV       nmeaparse.o
    0x08000d08   0x00000270   Code   RO          293    i.ParserGPRMC       nmeaparse.o
    0x08000f78   0x0000004c   Code   RO          294    i.ParserGPVTG       nmeaparse.o
    0x08000fc4   0x00000028   Code   RO          838    i.PopQueue          queuemanager.o
    0x08000fec   0x00000030   Code   RO          839    i.PushQueue         queuemanager.o
    0x0800101c   0x00000018   Code   RO         1204    i.RCC_APB1PeriphClockCmd  stm32f10x_rcc.o
    0x08001034   0x00000018   Code   RO         1206    i.RCC_APB2PeriphClockCmd  stm32f10x_rcc.o
    0x0800104c   0x00000054   Code   RO            3    i.RCC_Configuration  main.o
    0x080010a0   0x00000040   Code   RO         1213    i.RCC_DeInit        stm32f10x_rcc.o
    0x080010e0   0x00000094   Code   RO         1214    i.RCC_GetClocksFreq  stm32f10x_rcc.o
    0x08001174   0x00000030   Code   RO         1215    i.RCC_GetFlagStatus  stm32f10x_rcc.o
    0x080011a4   0x00000010   Code   RO         1217    i.RCC_GetSYSCLKSource  stm32f10x_rcc.o
    0x080011b4   0x00000014   Code   RO         1218    i.RCC_HCLKConfig    stm32f10x_rcc.o
    0x080011c8   0x00000034   Code   RO         1219    i.RCC_HSEConfig     stm32f10x_rcc.o
    0x080011fc   0x00000014   Code   RO         1225    i.RCC_PCLK1Config   stm32f10x_rcc.o
    0x08001210   0x00000014   Code   RO         1226    i.RCC_PCLK2Config   stm32f10x_rcc.o
    0x08001224   0x0000000c   Code   RO         1227    i.RCC_PLLCmd        stm32f10x_rcc.o
    0x08001230   0x00000014   Code   RO         1228    i.RCC_PLLConfig     stm32f10x_rcc.o
    0x08001244   0x00000014   Code   RO         1231    i.RCC_SYSCLKConfig  stm32f10x_rcc.o
    0x08001258   0x0000002c   Code   RO         1233    i.RCC_WaitForHSEStartUp  stm32f10x_rcc.o
    0x08001284   0x00000008   Code   RO          575    i.RTCAlarm_IRQHandler  rtc.o
    0x0800128c   0x00000010   Code   RO         2309    i.RTC_ClearITPendingBit  stm32f10x_rtc.o
    0x0800129c   0x000000dc   Code   RO          579    i.RTC_Get           rtc.o
    0x08001378   0x00000020   Code   RO         2315    i.RTC_GetITStatus   stm32f10x_rtc.o
    0x08001398   0x0000007c   Code   RO          581    i.RTC_IRQHandler    rtc.o
    0x08001414   0x00000010   Code   RO         2320    i.RTC_WaitForLastTask  stm32f10x_rtc.o
    0x08001424   0x00000002   Code   RO          119    i.SVC_Handler       stm32f10x_it.o
    0x08001426   0x00000002   PAD
    0x08001428   0x000000a8   Code   RO         3178    i.SetSysClockTo72   system_stm32f10x.o
    0x080014d0   0x00000002   Code   RO          120    i.SysTick_Handler   stm32f10x_it.o
    0x080014d2   0x00000002   PAD
    0x080014d4   0x00000050   Code   RO         3180    i.SystemInit        system_stm32f10x.o
    0x08001524   0x000000a0   Code   RO          678    i.USART1_Configuration  uart1pcport.o
    0x080015c4   0x00000028   Code   RO          679    i.USART1_IRQHandler  uart1pcport.o
    0x080015ec   0x0000009c   Code   RO          731    i.USART2_Configuration  uart2gpsport.o
    0x08001688   0x00000040   Code   RO          732    i.USART2_IRQHandler  uart2gpsport.o
    0x080016c8   0x00000006   Code   RO         2930    i.USART_ClearFlag   stm32f10x_usart.o
    0x080016ce   0x00000014   Code   RO         2934    i.USART_Cmd         stm32f10x_usart.o
    0x080016e2   0x0000000e   Code   RO         2937    i.USART_GetFlagStatus  stm32f10x_usart.o
    0x080016f0   0x0000003e   Code   RO         2938    i.USART_GetITStatus  stm32f10x_usart.o
    0x0800172e   0x00000030   Code   RO         2940    i.USART_ITConfig    stm32f10x_usart.o
    0x0800175e   0x00000002   PAD
    0x08001760   0x000000ac   Code   RO         2941    i.USART_Init        stm32f10x_usart.o
    0x0800180c   0x00000008   Code   RO         2948    i.USART_ReceiveData  stm32f10x_usart.o
    0x08001814   0x00000008   Code   RO         2951    i.USART_SendData    stm32f10x_usart.o
    0x0800181c   0x00000020   Code   RO          680    i.Uart1_PutChar     uart1pcport.o
    0x0800183c   0x00000020   Code   RO          733    i.Uart2_PutChar     uart2gpsport.o
    0x0800185c   0x00000002   Code   RO          121    i.UsageFault_Handler  stm32f10x_it.o
    0x0800185e   0x00000002   PAD
    0x08001860   0x00000020   Code   RO         3552    i.__0printf         mc_w.l(printfa.o)
    0x08001880   0x0000000e   Code   RO         3712    i.__scatterload_copy  mc_w.l(handlers.o)
    0x0800188e   0x00000002   Code   RO         3713    i.__scatterload_null  mc_w.l(handlers.o)
    0x08001890   0x0000000e   Code   RO         3714    i.__scatterload_zeroinit  mc_w.l(handlers.o)
    0x0800189e   0x00000002   PAD
    0x080018a0   0x00000164   Code   RO         3559    i._fp_digits        mc_w.l(printfa.o)
    0x08001a04   0x000006dc   Code   RO         3560    i._printf_core      mc_w.l(printfa.o)
    0x080020e0   0x00000024   Code   RO         3561    i._printf_post_padding  mc_w.l(printfa.o)
    0x08002104   0x0000002e   Code   RO         3562    i._printf_pre_padding  mc_w.l(printfa.o)
    0x08002132   0x00000010   Code   RO          683    i.fputc             uart1pcport.o
    0x08002142   0x00000002   PAD
    0x08002144   0x00000018   Code   RO          840    i.getQueueSize      queuemanager.o
    0x0800215c   0x00000070   Code   RO          176    i.gpsTaskMain       gpstask.o
    0x080021cc   0x0000001a   Code   RO            4    i.hardwareInit      main.o
    0x080021e6   0x00000020   Code   RO          178    i.initGpsModule     gpstask.o
    0x08002206   0x00000002   PAD
    0x08002208   0x00000030   Code   RO          179    i.initNmeaParserCallBack  gpstask.o
    0x08002238   0x00000014   Code   RO          296    i.initParserCallBack  nmeaparse.o
    0x0800224c   0x00000010   Code   RO          841    i.initQueue         queuemanager.o
    0x0800225c   0x00000128   Code   RO          180    i.initUbxCfg        gpstask.o
    0x08002384   0x00000018   Code   RO            5    i.ledTurnOn         main.o
    0x0800239c   0x00000030   Code   RO            6    i.main              main.o
    0x080023cc   0x000000b8   Code   RO          297    i.ubx_Parser        nmeaparse.o
    0x08002484   0x0000000c   Data   RO          586    .constdata          rtc.o
    0x08002490   0x00000020   Data   RO         3710    Region$$Table       anon$$obj.o


    Execution Region RW_IRAM1 (Base: 0x20000000, Size: 0x000005c0, Max: 0x00005000, ABSOLUTE)

    Base Addr    Size         Type   Attr      Idx    E Section Name        Object

    0x20000000   0x0000000c   Data   RW          188    .data               gpstask.o
    0x2000000c   0x0000001b   Data   RW          299    .data               nmeaparse.o
    0x20000027   0x00000001   PAD
    0x20000028   0x00000002   Data   RW          587    .data               rtc.o
    0x2000002a   0x00000002   PAD
    0x2000002c   0x00000004   Data   RW          685    .data               uart1pcport.o
    0x20000030   0x00000014   Data   RW         1234    .data               stm32f10x_rcc.o
    0x20000044   0x00000004   PAD
    0x20000048   0x000000fc   Zero   RW          298    .bss                nmeaparse.o
    0x20000144   0x0000000a   Zero   RW          585    .bss                rtc.o
    0x2000014e   0x00000002   PAD
    0x20000150   0x0000006c   Zero   RW          843    .bss                queuemanager.o
    0x200001bc   0x00000004   PAD
    0x200001c0   0x00000400   Zero   RW         3207    STACK               startup_stm32f10x_md.o


==============================================================================

Image component sizes


      Code (inc. data)   RO Data    RW Data    ZI Data      Debug   Object Name

         0          0          0          0          0         32   core_cm3.o
       530        204          0         12          0       7727   gpstask.o
       292         26          0          0          0     238652   main.o
       140         24          0          0          0       2005   misc.o
      2048        192          0         27        252       7391   nmeaparse.o
       128         20          0          0        108       2394   queuemanager.o
       390         64         12          2         10     206810   rtc.o
        36          8        236          0       1024        876   startup_stm32f10x_md.o
        12          6          0          0          0        513   stm32f10x_exti.o
       164          0          0          0          0       2832   stm32f10x_gpio.o
        16          0          0          0          0       3209   stm32f10x_it.o
       532         90          0         20          0      10334   stm32f10x_rcc.o
        64         16          0          0          0       1592   stm32f10x_rtc.o
       338          6          0          0          0       6347   stm32f10x_usart.o
       248         24          0          0          0       1497   system_stm32f10x.o
       248         20          0          4          0       7774   uart1pcport.o
       252         22          0          0          0       2093   uart2gpsport.o

    ----------------------------------------------------------------------
      5454        722        280         68       1404     502078   Object Totals
         0          0         32          0          0          0   (incl. Generated)
        16          0          0          3         10          0   (incl. Padding)

    ----------------------------------------------------------------------

      Code (inc. data)   RO Data    RW Data    ZI Data      Debug   Library Member Name

         0          0          0          0          0          0   entry.o
         0          0          0          0          0          0   entry10a.o
         0          0          0          0          0          0   entry11a.o
         8          4          0          0          0          0   entry2.o
         4          0          0          0          0          0   entry5.o
         0          0          0          0          0          0   entry7b.o
         0          0          0          0          0          0   entry8b.o
         8          4          0          0          0          0   entry9a.o
        30          0          0          0          0          0   handlers.o
        36          8          0          0          0         68   init.o
         0          0          0          0          0          0   iusefp.o
        30          0          0          0          0         68   llshl.o
        36          0          0          0          0         68   llsshr.o
        32          0          0          0          0         68   llushr.o
        36          0          0          0          0         68   memcpya.o
      2226         90          0          0          0        444   printfa.o
        44          0          0          0          0         80   uidiv.o
        98          0          0          0          0         92   uldiv.o
        48          0          0          0          0         68   cdrcmple.o
       334          0          0          0          0        148   dadd.o
       222          0          0          0          0        100   ddiv.o
       186          0          0          0          0        176   depilogue.o
        48          0          0          0          0         68   dfixul.o
       228          0          0          0          0         96   dmul.o

    ----------------------------------------------------------------------
      3658        106          0          0          0       1612   Library Totals
         4          0          0          0          0          0   (incl. Padding)

    ----------------------------------------------------------------------

      Code (inc. data)   RO Data    RW Data    ZI Data      Debug   Library Name

      2588        106          0          0          0        956   mc_w.l
      1066          0          0          0          0        656   mf_w.l

    ----------------------------------------------------------------------
      3658        106          0          0          0       1612   Library Totals

    ----------------------------------------------------------------------

==============================================================================


      Code (inc. data)   RO Data    RW Data    ZI Data      Debug   

      9112        828        280         68       1404     498954   Grand Totals
      9112        828        280         68       1404     498954   ELF Image Totals
      9112        828        280         68          0          0   ROM Totals

==============================================================================

    Total RO  Size (Code + RO Data)                 9392 (   9.17kB)
    Total RW  Size (RW Data + ZI Data)              1472 (   1.44kB)
    Total ROM Size (Code + RO Data + RW Data)       9460 (   9.24kB)

==============================================================================

